#
# There is insufficient memory for the Java Runtime Environment to continue.
# Native memory allocation (malloc) failed to allocate 682544 bytes. Error detail: Chunk::new
# Possible reasons:
#   The system is out of physical RAM or swap space
#   This process is running with CompressedOops enabled, and the Java Heap may be blocking the growth of the native heap
# Possible solutions:
#   Reduce memory load on the system
#   Increase physical memory or swap space
#   Check if swap backing store is full
#   Decrease Java heap size (-Xmx/-Xms)
#   Decrease number of Java threads
#   Decrease Java thread stack sizes (-Xss)
#   Set larger code cache with -XX:ReservedCodeCacheSize=
#   JVM is running with Unscaled Compressed Oops mode in which the Java heap is
#     placed in the first 4GB address space. The Java Heap base address is the
#     maximum limit for the native heap growth. Please use -XX:HeapBaseMinAddress
#     to set the Java Heap base and to place the Java Heap above 4GB virtual address.
# This output file may be truncated or incomplete.
#
#  Out of Memory Error (arena.cpp:168), pid=24300, tid=8288
#
# JRE version: OpenJDK Runtime Environment (21.0.10) (build 21.0.10+-14961533-b1163.108)
# Java VM: OpenJDK 64-Bit Server VM (21.0.10+-14961533-b1163.108, mixed mode, tiered, compressed oops, compressed class ptrs, g1 gc, windows-amd64)
# No core dump will be written. Minidumps are not enabled by default on client versions of Windows
#

---------------  S U M M A R Y ------------

Command Line: -XX:MaxMetaspaceSize=512m --add-opens=java.base/java.util=ALL-UNNAMED --add-opens=java.base/java.lang=ALL-UNNAMED --add-opens=java.base/java.lang.invoke=ALL-UNNAMED --add-opens=java.base/java.util=ALL-UNNAMED --add-opens=java.prefs/java.util.prefs=ALL-UNNAMED --add-opens=java.prefs/java.util.prefs=ALL-UNNAMED --add-opens=java.base/java.nio.charset=ALL-UNNAMED --add-opens=java.base/java.net=ALL-UNNAMED --add-opens=java.base/java.util.concurrent.atomic=ALL-UNNAMED -Xmx2048m -Dfile.encoding=utf8 -Duser.country=UZ -Duser.language=uz -Duser.variant org.gradle.launcher.daemon.bootstrap.GradleDaemon 7.3.3

Host: Intel(R) Core(TM) i5-8265U CPU @ 1.60GHz, 8 cores, 7G,  Windows 11 , 64 bit Build 26100 (10.0.26100.9168)
Time: Sat Aug 29 10:09:30 2026 West Asia Standard Time elapsed time: 28.584979 seconds (0d 0h 0m 28s)

---------------  T H R E A D  ---------------

Current thread (0x0000012a7b07a9c0):  JavaThread "C2 CompilerThread0" daemon [_thread_in_native, id=8288, stack(0x0000002472600000,0x0000002472700000) (1024K)]


Current CompileTask:
C2:28585 5230       4       groovyjarjarantlr4.v4.runtime.atn.PredictionContext::getCachedContext (297 bytes)

Stack: [0x0000002472600000,0x0000002472700000]
Native frames: (J=compiled Java code, j=interpreted, Vv=VM code, C=native code)
V  [jvm.dll+0x6d78a9]
V  [jvm.dll+0x8665b3]
V  [jvm.dll+0x868bde]
V  [jvm.dll+0x8692c3]
V  [jvm.dll+0x280ee6]
V  [jvm.dll+0xc07cd]
V  [jvm.dll+0xc0d03]
V  [jvm.dll+0x3ba0cb]
V  [jvm.dll+0x385df7]
V  [jvm.dll+0x38526a]
V  [jvm.dll+0x249bd2]
V  [jvm.dll+0x2491a1]
V  [jvm.dll+0x1c76e4]
V  [jvm.dll+0x25891e]
V  [jvm.dll+0x256e66]
V  [jvm.dll+0x3f513e]
V  [jvm.dll+0x80fd28]
V  [jvm.dll+0x6d60fd]
C  [ucrtbase.dll+0x2cd30]
C  [KERNEL32.DLL+0x2ccb7]
C  [ntdll.dll+0xaad6c]


---------------  P R O C E S S  ---------------

Threads class SMR info:
_java_thread_list=0x0000012a7b48a250, length=37, elements={
0x0000012a5d0c4660, 0x0000012a7b05d440, 0x0000012a7b08f8e0, 0x0000012a7b0602a0,
0x0000012a7b097f60, 0x0000012a7b0985d0, 0x0000012a7b074350, 0x0000012a7b0759c0,
0x0000012a7b07a9c0, 0x0000012a7b0b5590, 0x0000012a7b25fcb0, 0x0000012a7c9ad950,
0x0000012a7bfa03a0, 0x0000012a7cbce000, 0x0000012a7cbeb460, 0x0000012a7cbc9010,
0x0000012a7ce00e70, 0x0000012a7ce02f40, 0x0000012a7ce035d0, 0x0000012a7ce02220,
0x0000012a7d726360, 0x0000012a7d725cd0, 0x0000012a7d727710, 0x0000012a7d727da0,
0x0000012a7d728430, 0x0000012a7d729150, 0x0000012a7d7297e0, 0x0000012a7d728ac0,
0x0000012a7d727080, 0x0000012a7d729e70, 0x0000012a7d72ab90, 0x0000012a7d72b220,
0x0000012a7d72b8b0, 0x0000012a7d72a500, 0x0000012a7d72bf40, 0x0000012a7d72c5d0,
0x0000012a7d72d2f0
}

Java Threads: ( => current thread )
  0x0000012a5d0c4660 JavaThread "main"                              [_thread_blocked, id=21164, stack(0x0000002471700000,0x0000002471800000) (1024K)]
  0x0000012a7b05d440 JavaThread "Common-Cleaner"             daemon [_thread_blocked, id=24608, stack(0x0000002471f00000,0x0000002472000000) (1024K)]
  0x0000012a7b08f8e0 JavaThread "Reference Handler"          daemon [_thread_blocked, id=2944, stack(0x0000002472000000,0x0000002472100000) (1024K)]
  0x0000012a7b0602a0 JavaThread "Finalizer"                  daemon [_thread_blocked, id=11236, stack(0x0000002472100000,0x0000002472200000) (1024K)]
  0x0000012a7b097f60 JavaThread "Signal Dispatcher"          daemon [_thread_blocked, id=6564, stack(0x0000002472200000,0x0000002472300000) (1024K)]
  0x0000012a7b0985d0 JavaThread "Attach Listener"            daemon [_thread_blocked, id=24216, stack(0x0000002472300000,0x0000002472400000) (1024K)]
  0x0000012a7b074350 JavaThread "Service Thread"             daemon [_thread_blocked, id=7140, stack(0x0000002472400000,0x0000002472500000) (1024K)]
  0x0000012a7b0759c0 JavaThread "Monitor Deflation Thread"   daemon [_thread_blocked, id=7156, stack(0x0000002472500000,0x0000002472600000) (1024K)]
=>0x0000012a7b07a9c0 JavaThread "C2 CompilerThread0"         daemon [_thread_in_native, id=8288, stack(0x0000002472600000,0x0000002472700000) (1024K)]
  0x0000012a7b0b5590 JavaThread "C1 CompilerThread0"         daemon [_thread_in_native, id=8228, stack(0x0000002472700000,0x0000002472800000) (1024K)]
  0x0000012a7b25fcb0 JavaThread "Notification Thread"        daemon [_thread_blocked, id=512, stack(0x0000002472800000,0x0000002472900000) (1024K)]
  0x0000012a7c9ad950 JavaThread "Daemon health stats"               [_thread_blocked, id=25340, stack(0x0000002472d00000,0x0000002472e00000) (1024K)]
  0x0000012a7bfa03a0 JavaThread "Incoming local TCP Connector on port 52326"        [_thread_in_native, id=21744, stack(0x0000002472e00000,0x0000002472f00000) (1024K)]
  0x0000012a7cbce000 JavaThread "Daemon periodic checks"            [_thread_blocked, id=25836, stack(0x0000002472f00000,0x0000002473000000) (1024K)]
  0x0000012a7cbeb460 JavaThread "Daemon"                            [_thread_blocked, id=12220, stack(0x0000002473000000,0x0000002473100000) (1024K)]
  0x0000012a7cbc9010 JavaThread "Daemon worker"                     [_thread_in_Java, id=18988, stack(0x0000002473300000,0x0000002473400000) (1024K)]
  0x0000012a7ce00e70 JavaThread "Cache worker for journal cache (C:\Users\Oyatilloxon\.gradle\caches\journal-1)"        [_thread_blocked, id=9180, stack(0x0000002473b00000,0x0000002473c00000) (1024K)]
  0x0000012a7ce02f40 JavaThread "File lock request listener"        [_thread_in_native, id=10628, stack(0x0000002473c00000,0x0000002473d00000) (1024K)]
  0x0000012a7ce035d0 JavaThread "Cache worker for file hash cache (C:\Users\Oyatilloxon\.gradle\caches\7.3.3\fileHashes)"        [_thread_blocked, id=22240, stack(0x0000002473d00000,0x0000002473e00000) (1024K)]
  0x0000012a7ce02220 JavaThread "File watcher server"        daemon [_thread_in_native, id=14584, stack(0x0000002473f00000,0x0000002474000000) (1024K)]
  0x0000012a7d726360 JavaThread "File watcher consumer"      daemon [_thread_blocked, id=25196, stack(0x0000002474000000,0x0000002474100000) (1024K)]
  0x0000012a7d725cd0 JavaThread "jar transforms"                    [_thread_blocked, id=19312, stack(0x0000002474100000,0x0000002474200000) (1024K)]
  0x0000012a7d727710 JavaThread "jar transforms Thread 2"           [_thread_blocked, id=24164, stack(0x0000002474200000,0x0000002474300000) (1024K)]
  0x0000012a7d727da0 JavaThread "jar transforms Thread 3"           [_thread_blocked, id=21876, stack(0x0000002474300000,0x0000002474400000) (1024K)]
  0x0000012a7d728430 JavaThread "File lock release action executor"        [_thread_blocked, id=25252, stack(0x0000002474400000,0x0000002474500000) (1024K)]
  0x0000012a7d729150 JavaThread "Cache worker for execution history cache (C:\Users\Oyatilloxon\.gradle\caches\7.3.3\executionHistory)"        [_thread_blocked, id=20424, stack(0x0000002474900000,0x0000002474a00000) (1024K)]
  0x0000012a7d7297e0 JavaThread "jar transforms Thread 4"           [_thread_blocked, id=10968, stack(0x0000002474600000,0x0000002474700000) (1024K)]
  0x0000012a7d728ac0 JavaThread "Handler for socket connection from /127.0.0.1:52326 to /127.0.0.1:64933"        [_thread_in_native, id=20176, stack(0x0000002473100000,0x0000002473200000) (1024K)]
  0x0000012a7d727080 JavaThread "Cancel handler"                    [_thread_blocked, id=11996, stack(0x0000002473200000,0x0000002473300000) (1024K)]
  0x0000012a7d729e70 JavaThread "Asynchronous log dispatcher for DefaultDaemonConnection: socket connection from /127.0.0.1:52326 to /127.0.0.1:64933"        [_thread_blocked, id=12548, stack(0x0000002473400000,0x0000002473500000) (1024K)]
  0x0000012a7d72ab90 JavaThread "Stdin handler"                     [_thread_blocked, id=24740, stack(0x0000002473500000,0x0000002473600000) (1024K)]
  0x0000012a7d72b220 JavaThread "Daemon client event forwarder"        [_thread_blocked, id=7532, stack(0x0000002473600000,0x0000002473700000) (1024K)]
  0x0000012a7d72b8b0 JavaThread "Cache worker for file hash cache (C:\sayt22\mobile\android\.gradle\7.3.3\fileHashes)"        [_thread_blocked, id=19340, stack(0x0000002473e00000,0x0000002473f00000) (1024K)]
  0x0000012a7d72a500 JavaThread "Cache worker for checksums cache (C:\sayt22\mobile\android\.gradle\7.3.3\checksums)"        [_thread_blocked, id=12592, stack(0x0000002474500000,0x0000002474600000) (1024K)]
  0x0000012a7d72bf40 JavaThread "Cache worker for cache directory md-supplier (C:\Users\Oyatilloxon\.gradle\caches\7.3.3\md-supplier)"        [_thread_blocked, id=16428, stack(0x0000002474700000,0x0000002474800000) (1024K)]
  0x0000012a7d72c5d0 JavaThread "Cache worker for cache directory md-rule (C:\Users\Oyatilloxon\.gradle\caches\7.3.3\md-rule)"        [_thread_blocked, id=8008, stack(0x0000002474800000,0x0000002474900000) (1024K)]
  0x0000012a7d72d2f0 JavaThread "jar transforms Thread 5"           [_thread_blocked, id=9188, stack(0x0000002474a00000,0x0000002474b00000) (1024K)]
Total: 37

Other Threads:
  0x0000012a7b0217a0 VMThread "VM Thread"                           [id=25112, stack(0x0000002471e00000,0x0000002471f00000) (1024K)]
  0x0000012a76b430c0 WatcherThread "VM Periodic Task Thread"        [id=21756, stack(0x0000002471d00000,0x0000002471e00000) (1024K)]
  0x0000012a5f504b50 WorkerThread "GC Thread#0"                     [id=7904, stack(0x0000002471800000,0x0000002471900000) (1024K)]
  0x0000012a7b593a80 WorkerThread "GC Thread#1"                     [id=9152, stack(0x0000002472900000,0x0000002472a00000) (1024K)]
  0x0000012a7baa3dd0 WorkerThread "GC Thread#2"                     [id=23308, stack(0x0000002472a00000,0x0000002472b00000) (1024K)]
  0x0000012a7b558890 WorkerThread "GC Thread#3"                     [id=23436, stack(0x0000002472b00000,0x0000002472c00000) (1024K)]
  0x0000012a7bdfc8b0 WorkerThread "GC Thread#4"                     [id=9032, stack(0x0000002472c00000,0x0000002472d00000) (1024K)]
  0x0000012a7cb71c00 WorkerThread "GC Thread#5"                     [id=16396, stack(0x0000002473700000,0x0000002473800000) (1024K)]
  0x0000012a7ce71920 WorkerThread "GC Thread#6"                     [id=21360, stack(0x0000002473800000,0x0000002473900000) (1024K)]
  0x0000012a7cb89e20 WorkerThread "GC Thread#7"                     [id=15076, stack(0x0000002473900000,0x0000002473a00000) (1024K)]
  0x0000012a5f516a60 ConcurrentGCThread "G1 Main Marker"            [id=17216, stack(0x0000002471900000,0x0000002471a00000) (1024K)]
  0x0000012a5f5182c0 WorkerThread "G1 Conc#0"                       [id=21332, stack(0x0000002471a00000,0x0000002471b00000) (1024K)]
  0x0000012a7ce27210 WorkerThread "G1 Conc#1"                       [id=15384, stack(0x0000002473a00000,0x0000002473b00000) (1024K)]
  0x0000012a76a0d540 ConcurrentGCThread "G1 Refine#0"               [id=17212, stack(0x0000002471b00000,0x0000002471c00000) (1024K)]
  0x0000012a76a1a090 ConcurrentGCThread "G1 Service"                [id=14696, stack(0x0000002471c00000,0x0000002471d00000) (1024K)]
Total: 15

Threads with active compile tasks:
C2 CompilerThread0  28657 5230       4       groovyjarjarantlr4.v4.runtime.atn.PredictionContext::getCachedContext (297 bytes)
Total: 1

VM state: not at safepoint (normal execution)

VM Mutex/Monitor currently owned by a thread: None

Heap address: 0x0000000080000000, size: 2048 MB, Compressed Oops mode: 32-bit

CDS archive(s) not mapped
Compressed class space mapped at: 0x0000000100000000-0x000000011a000000, reserved size: 436207616
Narrow klass base: 0x0000000000000000, Narrow klass shift: 3, Narrow klass range: 0x11a000000

GC Precious Log:
 CardTable entry size: 512
 Card Set container configuration: InlinePtr #cards 5 size 8 Array Of Cards #cards 12 size 40 Howl #buckets 4 coarsen threshold 1843 Howl Bitmap #cards 512 size 80 coarsen threshold 460 Card regions per heap region 1 cards per card region 2048
 CPUs: 8 total, 8 available
 Memory: 8030M
 Large Page Support: Disabled
 NUMA Support: Disabled
 Compressed Oops: Enabled (32-bit)
 Heap Region Size: 1M
 Heap Min Capacity: 8M
 Heap Initial Capacity: 126M
 Heap Max Capacity: 2G
 Pre-touch: Disabled
 Parallel Workers: 8
 Concurrent Workers: 2
 Concurrent Refinement Workers: 8
 Periodic GC: Disabled

Heap:
 garbage-first heap   total 74752K, used 46523K [0x0000000080000000, 0x0000000100000000)
  region size 1024K, 21 young (21504K), 4 survivors (4096K)
 Metaspace       used 47066K, committed 48192K, reserved 491520K
  class space    used 6529K, committed 7104K, reserved 425984K

Heap Regions: E=young(eden), S=young(survivor), O=old, HS=humongous(starts), HC=humongous(continues), CS=collection set, F=free, TAMS=top-at-mark-start, PB=parsable bottom
|   0|0x0000000080000000, 0x0000000080100000, 0x0000000080100000|100%| O|  |TAMS 0x0000000080000000| PB 0x0000000080000000| Untracked 
|   1|0x0000000080100000, 0x0000000080200000, 0x0000000080200000|100%| O|  |TAMS 0x0000000080100000| PB 0x0000000080100000| Untracked 
|   2|0x0000000080200000, 0x0000000080300000, 0x0000000080300000|100%| O|  |TAMS 0x0000000080200000| PB 0x0000000080200000| Untracked 
|   3|0x0000000080300000, 0x0000000080400000, 0x0000000080400000|100%|HS|  |TAMS 0x0000000080300000| PB 0x0000000080300000| Complete 
|   4|0x0000000080400000, 0x0000000080500000, 0x0000000080500000|100%|HC|  |TAMS 0x0000000080400000| PB 0x0000000080400000| Complete 
|   5|0x0000000080500000, 0x0000000080600000, 0x0000000080600000|100%|HC|  |TAMS 0x0000000080500000| PB 0x0000000080500000| Complete 
|   6|0x0000000080600000, 0x0000000080700000, 0x0000000080700000|100%| O|  |TAMS 0x0000000080600000| PB 0x0000000080600000| Untracked 
|   7|0x0000000080700000, 0x0000000080800000, 0x0000000080800000|100%| O|  |TAMS 0x0000000080700000| PB 0x0000000080700000| Untracked 
|   8|0x0000000080800000, 0x0000000080900000, 0x0000000080900000|100%| O|  |TAMS 0x0000000080800000| PB 0x0000000080800000| Untracked 
|   9|0x0000000080900000, 0x0000000080a00000, 0x0000000080a00000|100%| O|  |TAMS 0x0000000080900000| PB 0x0000000080900000| Untracked 
|  10|0x0000000080a00000, 0x0000000080b00000, 0x0000000080b00000|100%| O|  |TAMS 0x0000000080a00000| PB 0x0000000080a00000| Untracked 
|  11|0x0000000080b00000, 0x0000000080c00000, 0x0000000080c00000|100%| O|  |TAMS 0x0000000080b00000| PB 0x0000000080b00000| Untracked 
|  12|0x0000000080c00000, 0x0000000080d00000, 0x0000000080d00000|100%| O|  |TAMS 0x0000000080c00000| PB 0x0000000080c00000| Untracked 
|  13|0x0000000080d00000, 0x0000000080e00000, 0x0000000080e00000|100%| O|  |TAMS 0x0000000080d00000| PB 0x0000000080d00000| Untracked 
|  14|0x0000000080e00000, 0x0000000080f00000, 0x0000000080f00000|100%| O|  |TAMS 0x0000000080e00000| PB 0x0000000080e00000| Untracked 
|  15|0x0000000080f00000, 0x0000000081000000, 0x0000000081000000|100%| O|  |TAMS 0x0000000080f00000| PB 0x0000000080f00000| Untracked 
|  16|0x0000000081000000, 0x0000000081100000, 0x0000000081100000|100%| O|  |TAMS 0x0000000081000000| PB 0x0000000081000000| Untracked 
|  17|0x0000000081100000, 0x0000000081180910, 0x0000000081200000| 50%| O|  |TAMS 0x0000000081100000| PB 0x0000000081100000| Untracked 
|  18|0x0000000081200000, 0x0000000081200000, 0x0000000081300000|  0%| F|  |TAMS 0x0000000081200000| PB 0x0000000081200000| Untracked 
|  19|0x0000000081300000, 0x0000000081300000, 0x0000000081400000|  0%| F|  |TAMS 0x0000000081300000| PB 0x0000000081300000| Untracked 
|  20|0x0000000081400000, 0x0000000081400000, 0x0000000081500000|  0%| F|  |TAMS 0x0000000081400000| PB 0x0000000081400000| Untracked 
|  21|0x0000000081500000, 0x0000000081500000, 0x0000000081600000|  0%| F|  |TAMS 0x0000000081500000| PB 0x0000000081500000| Untracked 
|  22|0x0000000081600000, 0x0000000081600000, 0x0000000081700000|  0%| F|  |TAMS 0x0000000081600000| PB 0x0000000081600000| Untracked 
|  23|0x0000000081700000, 0x0000000081700000, 0x0000000081800000|  0%| F|  |TAMS 0x0000000081700000| PB 0x0000000081700000| Untracked 
|  24|0x0000000081800000, 0x0000000081800000, 0x0000000081900000|  0%| F|  |TAMS 0x0000000081800000| PB 0x0000000081800000| Untracked 
|  25|0x0000000081900000, 0x0000000081900000, 0x0000000081a00000|  0%| F|  |TAMS 0x0000000081900000| PB 0x0000000081900000| Untracked 
|  26|0x0000000081a00000, 0x0000000081aee3d8, 0x0000000081b00000| 93%| S|CS|TAMS 0x0000000081a00000| PB 0x0000000081a00000| Complete 
|  27|0x0000000081b00000, 0x0000000081c00000, 0x0000000081c00000|100%| S|CS|TAMS 0x0000000081b00000| PB 0x0000000081b00000| Complete 
|  28|0x0000000081c00000, 0x0000000081d00000, 0x0000000081d00000|100%| S|CS|TAMS 0x0000000081c00000| PB 0x0000000081c00000| Complete 
|  29|0x0000000081d00000, 0x0000000081d00000, 0x0000000081e00000|  0%| F|  |TAMS 0x0000000081d00000| PB 0x0000000081d00000| Untracked 
|  30|0x0000000081e00000, 0x0000000081f00000, 0x0000000081f00000|100%| S|CS|TAMS 0x0000000081e00000| PB 0x0000000081e00000| Complete 
|  31|0x0000000081f00000, 0x0000000081f00000, 0x0000000082000000|  0%| F|  |TAMS 0x0000000081f00000| PB 0x0000000081f00000| Untracked 
|  32|0x0000000082000000, 0x0000000082000000, 0x0000000082100000|  0%| F|  |TAMS 0x0000000082000000| PB 0x0000000082000000| Untracked 
|  33|0x0000000082100000, 0x0000000082100000, 0x0000000082200000|  0%| F|  |TAMS 0x0000000082100000| PB 0x0000000082100000| Untracked 
|  34|0x0000000082200000, 0x0000000082200000, 0x0000000082300000|  0%| F|  |TAMS 0x0000000082200000| PB 0x0000000082200000| Untracked 
|  35|0x0000000082300000, 0x0000000082300000, 0x0000000082400000|  0%| F|  |TAMS 0x0000000082300000| PB 0x0000000082300000| Untracked 
|  36|0x0000000082400000, 0x0000000082400000, 0x0000000082500000|  0%| F|  |TAMS 0x0000000082400000| PB 0x0000000082400000| Untracked 
|  37|0x0000000082500000, 0x0000000082500000, 0x0000000082600000|  0%| F|  |TAMS 0x0000000082500000| PB 0x0000000082500000| Untracked 
|  38|0x0000000082600000, 0x0000000082600000, 0x0000000082700000|  0%| F|  |TAMS 0x0000000082600000| PB 0x0000000082600000| Untracked 
|  39|0x0000000082700000, 0x0000000082700000, 0x0000000082800000|  0%| F|  |TAMS 0x0000000082700000| PB 0x0000000082700000| Untracked 
|  40|0x0000000082800000, 0x0000000082800000, 0x0000000082900000|  0%| F|  |TAMS 0x0000000082800000| PB 0x0000000082800000| Untracked 
|  41|0x0000000082900000, 0x0000000082900000, 0x0000000082a00000|  0%| F|  |TAMS 0x0000000082900000| PB 0x0000000082900000| Untracked 
|  42|0x0000000082a00000, 0x0000000082a00000, 0x0000000082b00000|  0%| F|  |TAMS 0x0000000082a00000| PB 0x0000000082a00000| Untracked 
|  43|0x0000000082b00000, 0x0000000082b00000, 0x0000000082c00000|  0%| F|  |TAMS 0x0000000082b00000| PB 0x0000000082b00000| Untracked 
|  44|0x0000000082c00000, 0x0000000082c00000, 0x0000000082d00000|  0%| F|  |TAMS 0x0000000082c00000| PB 0x0000000082c00000| Untracked 
|  45|0x0000000082d00000, 0x0000000082d00000, 0x0000000082e00000|  0%| F|  |TAMS 0x0000000082d00000| PB 0x0000000082d00000| Untracked 
|  46|0x0000000082e00000, 0x0000000082e00000, 0x0000000082f00000|  0%| F|  |TAMS 0x0000000082e00000| PB 0x0000000082e00000| Untracked 
|  47|0x0000000082f00000, 0x0000000083000000, 0x0000000083000000|100%| E|  |TAMS 0x0000000082f00000| PB 0x0000000082f00000| Complete 
|  48|0x0000000083000000, 0x0000000083100000, 0x0000000083100000|100%| E|CS|TAMS 0x0000000083000000| PB 0x0000000083000000| Complete 
|  49|0x0000000083100000, 0x0000000083200000, 0x0000000083200000|100%| E|CS|TAMS 0x0000000083100000| PB 0x0000000083100000| Complete 
|  50|0x0000000083200000, 0x0000000083300000, 0x0000000083300000|100%| E|CS|TAMS 0x0000000083200000| PB 0x0000000083200000| Complete 
|  51|0x0000000083300000, 0x0000000083400000, 0x0000000083400000|100%| E|CS|TAMS 0x0000000083300000| PB 0x0000000083300000| Complete 
|  52|0x0000000083400000, 0x0000000083500000, 0x0000000083500000|100%| E|CS|TAMS 0x0000000083400000| PB 0x0000000083400000| Complete 
|  53|0x0000000083500000, 0x0000000083600000, 0x0000000083600000|100%| E|CS|TAMS 0x0000000083500000| PB 0x0000000083500000| Complete 
|  58|0x0000000083a00000, 0x0000000083b00000, 0x0000000083b00000|100%| E|  |TAMS 0x0000000083a00000| PB 0x0000000083a00000| Complete 
|  59|0x0000000083b00000, 0x0000000083c00000, 0x0000000083c00000|100%| E|CS|TAMS 0x0000000083b00000| PB 0x0000000083b00000| Complete 
|  60|0x0000000083c00000, 0x0000000083d00000, 0x0000000083d00000|100%| E|CS|TAMS 0x0000000083c00000| PB 0x0000000083c00000| Complete 
|  61|0x0000000083d00000, 0x0000000083e00000, 0x0000000083e00000|100%| E|CS|TAMS 0x0000000083d00000| PB 0x0000000083d00000| Complete 
|  62|0x0000000083e00000, 0x0000000083f00000, 0x0000000083f00000|100%| E|CS|TAMS 0x0000000083e00000| PB 0x0000000083e00000| Complete 
|  63|0x0000000083f00000, 0x0000000084000000, 0x0000000084000000|100%| E|CS|TAMS 0x0000000083f00000| PB 0x0000000083f00000| Complete 
|  64|0x0000000084000000, 0x0000000084100000, 0x0000000084100000|100%| E|CS|TAMS 0x0000000084000000| PB 0x0000000084000000| Complete 
|  65|0x0000000084100000, 0x0000000084200000, 0x0000000084200000|100%| E|CS|TAMS 0x0000000084100000| PB 0x0000000084100000| Complete 
|  66|0x0000000084200000, 0x0000000084300000, 0x0000000084300000|100%| E|CS|TAMS 0x0000000084200000| PB 0x0000000084200000| Complete 
| 125|0x0000000087d00000, 0x0000000087e00000, 0x0000000087e00000|100%| E|CS|TAMS 0x0000000087d00000| PB 0x0000000087d00000| Complete 
|2039|0x00000000ff700000, 0x00000000ff800000, 0x00000000ff800000|100%| O|  |TAMS 0x00000000ff700000| PB 0x00000000ff700000| Untracked 
|2040|0x00000000ff800000, 0x00000000ff900000, 0x00000000ff900000|100%| O|  |TAMS 0x00000000ff800000| PB 0x00000000ff800000| Untracked 
|2041|0x00000000ff900000, 0x00000000ffa00000, 0x00000000ffa00000|100%| O|  |TAMS 0x00000000ff900000| PB 0x00000000ff900000| Untracked 
|2042|0x00000000ffa00000, 0x00000000ffb00000, 0x00000000ffb00000|100%| O|  |TAMS 0x00000000ffa00000| PB 0x00000000ffa00000| Untracked 
|2043|0x00000000ffb00000, 0x00000000ffc00000, 0x00000000ffc00000|100%| O|  |TAMS 0x00000000ffb00000| PB 0x00000000ffb00000| Untracked 
|2044|0x00000000ffc00000, 0x00000000ffd00000, 0x00000000ffd00000|100%| O|  |TAMS 0x00000000ffc00000| PB 0x00000000ffc00000| Untracked 
|2045|0x00000000ffd00000, 0x00000000ffe00000, 0x00000000ffe00000|100%| O|  |TAMS 0x00000000ffd00000| PB 0x00000000ffd00000| Untracked 
|2046|0x00000000ffe00000, 0x00000000fff00000, 0x00000000fff00000|100%| O|  |TAMS 0x00000000ffe00000| PB 0x00000000ffe00000| Untracked 
|2047|0x00000000fff00000, 0x0000000100000000, 0x0000000100000000|100%| O|  |TAMS 0x00000000fff00000| PB 0x00000000fff00000| Untracked 

Card table byte_map: [0x0000012a71d40000,0x0000012a72140000] _byte_map_base: 0x0000012a71940000

Marking Bits: (CMBitMap*) 0x0000012a5f506180
 Bits: [0x0000012a72140000, 0x0000012a74140000)

Polling page: 0x0000012a5d360000

Metaspace:

Usage:
  Non-class:     39.59 MB used.
      Class:      6.38 MB used.
       Both:     45.96 MB used.

Virtual space:
  Non-class space:       64.00 MB reserved,      40.12 MB ( 63%) committed,  1 nodes.
      Class space:      416.00 MB reserved,       6.94 MB (  2%) committed,  1 nodes.
             Both:      480.00 MB reserved,      47.06 MB ( 10%) committed. 

Chunk freelists:
   Non-Class:  7.66 MB
       Class:  9.06 MB
        Both:  16.71 MB

MaxMetaspaceSize: 512.00 MB
CompressedClassSpaceSize: 416.00 MB
Initial GC threshold: 21.00 MB
Current GC threshold: 58.69 MB
CDS: off
 - commit_granule_bytes: 65536.
 - commit_granule_words: 8192.
 - virtual_space_node_default_size: 8388608.
 - enlarge_chunks_in_place: 1.
 - use_allocation_guard: 0.


Internal statistics:

num_allocs_failed_limit: 6.
num_arena_births: 1950.
num_arena_deaths: 0.
num_vsnodes_births: 2.
num_vsnodes_deaths: 0.
num_space_committed: 753.
num_space_uncommitted: 0.
num_chunks_returned_to_freelist: 6.
num_chunks_taken_from_freelist: 3597.
num_chunk_merges: 6.
num_chunk_splits: 2325.
num_chunks_enlarged: 1423.
num_inconsistent_stats: 0.

CodeHeap 'non-profiled nmethods': size=120000Kb used=2670Kb max_used=2670Kb free=117329Kb
 bounds [0x0000012a6a0e0000, 0x0000012a6a380000, 0x0000012a71610000]
CodeHeap 'profiled nmethods': size=120000Kb used=9151Kb max_used=9151Kb free=110848Kb
 bounds [0x0000012a62610000, 0x0000012a62f00000, 0x0000012a69b40000]
CodeHeap 'non-nmethods': size=5760Kb used=1790Kb max_used=1850Kb free=3970Kb
 bounds [0x0000012a69b40000, 0x0000012a69db0000, 0x0000012a6a0e0000]
CodeCache: size=245760Kb, used=13611Kb, max_used=13671Kb, free=232147Kb
 total_blobs=5551, nmethods=4862, adapters=592, full_count=0
Compilation: enabled, stopped_count=0, restarted_count=0

Compilation events (20 events):
Event: 28.437 Thread 0x0000012a7b0b5590 5252       2       groovyjarjarantlr4.v4.runtime.Parser::consume (215 bytes)
Event: 28.439 Thread 0x0000012a7b0b5590 nmethod 5252 0x0000012a62ef4a10 code [0x0000012a62ef4ce0, 0x0000012a62ef5538]
Event: 28.439 Thread 0x0000012a7b0b5590 5253       2       groovyjarjarantlr4.v4.runtime.DefaultErrorStrategy::inErrorRecoveryMode (5 bytes)
Event: 28.439 Thread 0x0000012a7b0b5590 nmethod 5253 0x0000012a62ef5b10 code [0x0000012a62ef5ca0, 0x0000012a62ef5db0]
Event: 28.467 Thread 0x0000012a7b07a9c0 nmethod 5189 0x0000012a6a374a10 code [0x0000012a6a374ee0, 0x0000012a6a377878]
Event: 28.468 Thread 0x0000012a7b07a9c0 5243   !   4       java.util.concurrent.ConcurrentHashMap::putVal (432 bytes)
Event: 28.511 Thread 0x0000012a7b07a9c0 nmethod 5243 0x0000012a6a379810 code [0x0000012a6a379aa0, 0x0000012a6a37add0]
Event: 28.511 Thread 0x0000012a7b07a9c0 5230       4       groovyjarjarantlr4.v4.runtime.atn.PredictionContext::getCachedContext (297 bytes)
Event: 28.514 Thread 0x0000012a7b0b5590 5254       2       groovyjarjarantlr4.v4.runtime.atn.PredictionContextCache::<init> (43 bytes)
Event: 28.514 Thread 0x0000012a7b0b5590 nmethod 5254 0x0000012a62ef5e90 code [0x0000012a62ef6040, 0x0000012a62ef6398]
Event: 28.514 Thread 0x0000012a7b0b5590 5255       2       groovyjarjarantlr4.v4.runtime.atn.PredictionContextCache::<init> (6 bytes)
Event: 28.514 Thread 0x0000012a7b0b5590 nmethod 5255 0x0000012a62ef6490 code [0x0000012a62ef6640, 0x0000012a62ef6768]
Event: 28.517 Thread 0x0000012a7b0b5590 5256       2       java.util.concurrent.atomic.AtomicIntegerArray::<init> (12 bytes)
Event: 28.517 Thread 0x0000012a7b0b5590 nmethod 5256 0x0000012a62ef6810 code [0x0000012a62ef69c0, 0x0000012a62ef6ba0]
Event: 28.541 Thread 0x0000012a7b0b5590 5257       3       groovyjarjarantlr4.v4.runtime.CodePointCharStream::consume (56 bytes)
Event: 28.542 Thread 0x0000012a7b0b5590 nmethod 5257 0x0000012a62ef6c90 code [0x0000012a62ef6e40, 0x0000012a62ef7070]
Event: 28.542 Thread 0x0000012a7b0b5590 5258       3       groovyjarjarantlr4.v4.runtime.atn.LexerATNSimulator::consume (49 bytes)
Event: 28.542 Thread 0x0000012a7b0b5590 nmethod 5258 0x0000012a62ef7190 code [0x0000012a62ef7360, 0x0000012a62ef7638]
Event: 28.581 Thread 0x0000012a7b0b5590 5259       2       groovyjarjarantlr4.v4.runtime.atn.SemanticContext::and (54 bytes)
Event: 28.581 Thread 0x0000012a7b0b5590 nmethod 5259 0x0000012a62ef7790 code [0x0000012a62ef7960, 0x0000012a62ef7bb8]

GC Heap History (18 events):
Event: 1.181 GC heap before
{Heap before GC invocations=0 (full 0):
 garbage-first heap   total 129024K, used 28672K [0x0000000080000000, 0x0000000100000000)
  region size 1024K, 23 young (23552K), 0 survivors (0K)
 Metaspace       used 8771K, committed 8960K, reserved 491520K
  class space    used 828K, committed 896K, reserved 425984K
}
Event: 1.187 GC heap after
{Heap after GC invocations=1 (full 0):
 garbage-first heap   total 129024K, used 9017K [0x0000000080000000, 0x0000000100000000)
  region size 1024K, 3 young (3072K), 3 survivors (3072K)
 Metaspace       used 8771K, committed 8960K, reserved 491520K
  class space    used 828K, committed 896K, reserved 425984K
}
Event: 2.457 GC heap before
{Heap before GC invocations=1 (full 0):
 garbage-first heap   total 129024K, used 39737K [0x0000000080000000, 0x0000000100000000)
  region size 1024K, 33 young (33792K), 3 survivors (3072K)
 Metaspace       used 11894K, committed 12096K, reserved 491520K
  class space    used 1277K, committed 1408K, reserved 425984K
}
Event: 2.463 GC heap after
{Heap after GC invocations=2 (full 0):
 garbage-first heap   total 129024K, used 9754K [0x0000000080000000, 0x0000000100000000)
  region size 1024K, 1 young (1024K), 1 survivors (1024K)
 Metaspace       used 11894K, committed 12096K, reserved 491520K
  class space    used 1277K, committed 1408K, reserved 425984K
}
Event: 5.032 GC heap before
{Heap before GC invocations=2 (full 0):
 garbage-first heap   total 129024K, used 68122K [0x0000000080000000, 0x0000000100000000)
  region size 1024K, 59 young (60416K), 1 survivors (1024K)
 Metaspace       used 21222K, committed 21504K, reserved 491520K
  class space    used 2561K, committed 2688K, reserved 425984K
}
Event: 5.041 GC heap after
{Heap after GC invocations=3 (full 0):
 garbage-first heap   total 129024K, used 17903K [0x0000000080000000, 0x0000000100000000)
  region size 1024K, 9 young (9216K), 9 survivors (9216K)
 Metaspace       used 21222K, committed 21504K, reserved 491520K
  class space    used 2561K, committed 2688K, reserved 425984K
}
Event: 8.224 GC heap before
{Heap before GC invocations=4 (full 0):
 garbage-first heap   total 61440K, used 59887K [0x0000000080000000, 0x0000000100000000)
  region size 1024K, 51 young (52224K), 9 survivors (9216K)
 Metaspace       used 29257K, committed 29760K, reserved 491520K
  class space    used 3856K, committed 4096K, reserved 425984K
}
Event: 8.240 GC heap after
{Heap after GC invocations=5 (full 0):
 garbage-first heap   total 74752K, used 20757K [0x0000000080000000, 0x0000000100000000)
  region size 1024K, 4 young (4096K), 4 survivors (4096K)
 Metaspace       used 29257K, committed 29760K, reserved 491520K
  class space    used 3856K, committed 4096K, reserved 425984K
}
Event: 10.576 GC heap before
{Heap before GC invocations=5 (full 0):
 garbage-first heap   total 74752K, used 53525K [0x0000000080000000, 0x0000000100000000)
  region size 1024K, 37 young (37888K), 4 survivors (4096K)
 Metaspace       used 34444K, committed 35200K, reserved 491520K
  class space    used 4685K, committed 5056K, reserved 425984K
}
Event: 10.584 GC heap after
{Heap after GC invocations=6 (full 0):
 garbage-first heap   total 74752K, used 24277K [0x0000000080000000, 0x0000000100000000)
  region size 1024K, 4 young (4096K), 4 survivors (4096K)
 Metaspace       used 34444K, committed 35200K, reserved 491520K
  class space    used 4685K, committed 5056K, reserved 425984K
}
Event: 10.871 GC heap before
{Heap before GC invocations=6 (full 0):
 garbage-first heap   total 74752K, used 29397K [0x0000000080000000, 0x0000000100000000)
  region size 1024K, 10 young (10240K), 4 survivors (4096K)
 Metaspace       used 35145K, committed 35968K, reserved 491520K
  class space    used 4820K, committed 5248K, reserved 425984K
}
Event: 10.876 GC heap after
{Heap after GC invocations=7 (full 0):
 garbage-first heap   total 74752K, used 24967K [0x0000000080000000, 0x0000000100000000)
  region size 1024K, 1 young (1024K), 1 survivors (1024K)
 Metaspace       used 35145K, committed 35968K, reserved 491520K
  class space    used 4820K, committed 5248K, reserved 425984K
}
Event: 13.805 GC heap before
{Heap before GC invocations=8 (full 0):
 garbage-first heap   total 74752K, used 58759K [0x0000000080000000, 0x0000000100000000)
  region size 1024K, 35 young (35840K), 1 survivors (1024K)
 Metaspace       used 41342K, committed 42432K, reserved 491520K
  class space    used 5721K, committed 6272K, reserved 425984K
}
Event: 13.809 GC heap after
{Heap after GC invocations=9 (full 0):
 garbage-first heap   total 74752K, used 26716K [0x0000000080000000, 0x0000000100000000)
  region size 1024K, 3 young (3072K), 3 survivors (3072K)
 Metaspace       used 41342K, committed 42432K, reserved 491520K
  class space    used 5721K, committed 6272K, reserved 425984K
}
Event: 15.024 GC heap before
{Heap before GC invocations=9 (full 0):
 garbage-first heap   total 74752K, used 61532K [0x0000000080000000, 0x0000000100000000)
  region size 1024K, 37 young (37888K), 3 survivors (3072K)
 Metaspace       used 44512K, committed 45568K, reserved 491520K
  class space    used 6230K, committed 6720K, reserved 425984K
}
Event: 15.030 GC heap after
{Heap after GC invocations=10 (full 0):
 garbage-first heap   total 74752K, used 30167K [0x0000000080000000, 0x0000000100000000)
  region size 1024K, 5 young (5120K), 5 survivors (5120K)
 Metaspace       used 44512K, committed 45568K, reserved 491520K
  class space    used 6230K, committed 6720K, reserved 425984K
}
Event: 17.121 GC heap before
{Heap before GC invocations=10 (full 0):
 garbage-first heap   total 74752K, used 63959K [0x0000000080000000, 0x0000000100000000)
  region size 1024K, 38 young (38912K), 5 survivors (5120K)
 Metaspace       used 46153K, committed 47296K, reserved 491520K
  class space    used 6409K, committed 6976K, reserved 425984K
}
Event: 17.128 GC heap after
{Heap after GC invocations=11 (full 0):
 garbage-first heap   total 74752K, used 31163K [0x0000000080000000, 0x0000000100000000)
  region size 1024K, 4 young (4096K), 4 survivors (4096K)
 Metaspace       used 46153K, committed 47296K, reserved 491520K
  class space    used 6409K, committed 6976K, reserved 425984K
}

Dll operation events (3 events):
Event: 0.022 Loaded shared library C:\Program Files\Android\Android Studio\jbr\bin\java.dll
Event: 0.040 Loaded shared library C:\Program Files\Android\Android Studio\jbr\bin\zip.dll
Event: 0.974 Loaded shared library C:\Program Files\Android\Android Studio\jbr\bin\verify.dll

Deoptimization events (20 events):
Event: 28.307 Thread 0x0000012a7cbc9010 DEOPT PACKING pc=0x0000012a6a32ea9c sp=0x00000024733f8dd0
Event: 28.308 Thread 0x0000012a7cbc9010 DEOPT UNPACKING pc=0x0000012a69b943a2 sp=0x00000024733f8ca0 mode 2
Event: 28.308 Thread 0x0000012a7cbc9010 Uncommon trap: trap_request=0xffffff45 fr.pc=0x0000012a6a32d500 relative=0x0000000000000320
Event: 28.308 Thread 0x0000012a7cbc9010 Uncommon trap: reason=unstable_if action=reinterpret pc=0x0000012a6a32d500 method=groovyjarjarantlr4.v4.runtime.atn.ATNConfig.checkNonGreedyDecision(Lgroovyjarjarantlr4/v4/runtime/atn/ATNConfig;Lgroovyjarjarantlr4/v4/runtime/atn/ATNState;)Z @ 4 c2
Event: 28.308 Thread 0x0000012a7cbc9010 DEOPT PACKING pc=0x0000012a6a32d500 sp=0x00000024733f8c50
Event: 28.308 Thread 0x0000012a7cbc9010 DEOPT UNPACKING pc=0x0000012a69b943a2 sp=0x00000024733f8bc0 mode 2
Event: 28.308 Thread 0x0000012a7cbc9010 Uncommon trap: trap_request=0xffffff45 fr.pc=0x0000012a6a33c148 relative=0x0000000000000308
Event: 28.308 Thread 0x0000012a7cbc9010 Uncommon trap: reason=unstable_if action=reinterpret pc=0x0000012a6a33c148 method=groovyjarjarantlr4.v4.runtime.atn.ATNConfig.hashCode()I @ 67 c2
Event: 28.308 Thread 0x0000012a7cbc9010 DEOPT PACKING pc=0x0000012a6a33c148 sp=0x00000024733f8bd0
Event: 28.308 Thread 0x0000012a7cbc9010 DEOPT UNPACKING pc=0x0000012a69b943a2 sp=0x00000024733f8b58 mode 2
Event: 28.314 Thread 0x0000012a7cbc9010 Uncommon trap: trap_request=0xffffff45 fr.pc=0x0000012a6a2ca268 relative=0x00000000000000c8
Event: 28.314 Thread 0x0000012a7cbc9010 Uncommon trap: reason=unstable_if action=reinterpret pc=0x0000012a6a2ca268 method=java.lang.String.codePointAt(I)I @ 4 c2
Event: 28.314 Thread 0x0000012a7cbc9010 DEOPT PACKING pc=0x0000012a6a2ca268 sp=0x00000024733f7f70
Event: 28.315 Thread 0x0000012a7cbc9010 DEOPT UNPACKING pc=0x0000012a69b943a2 sp=0x00000024733f7ef8 mode 2
Event: 28.315 Thread 0x0000012a7cbc9010 Uncommon trap: trap_request=0xffffff45 fr.pc=0x0000012a6a0e8a0c relative=0x000000000000006c
Event: 28.315 Thread 0x0000012a7cbc9010 Uncommon trap: reason=unstable_if action=reinterpret pc=0x0000012a6a0e8a0c method=java.lang.String.isLatin1()Z @ 10 c2
Event: 28.315 Thread 0x0000012a7cbc9010 DEOPT PACKING pc=0x0000012a6a0e8a0c sp=0x00000024733f7f00
Event: 28.315 Thread 0x0000012a7cbc9010 DEOPT UNPACKING pc=0x0000012a69b943a2 sp=0x00000024733f7e90 mode 2
Event: 28.354 Thread 0x0000012a7cbc9010 DEOPT PACKING pc=0x0000012a62d93180 sp=0x00000024733f8c70
Event: 28.354 Thread 0x0000012a7cbc9010 DEOPT UNPACKING pc=0x0000012a69b94b42 sp=0x00000024733f8170 mode 0

Classes loaded (20 events):
Event: 28.317 Loading class java/util/stream/ReferencePipeline$4
Event: 28.318 Loading class java/util/stream/ReferencePipeline$4 done
Event: 28.318 Loading class java/util/stream/SortedOps
Event: 28.319 Loading class java/util/stream/SortedOps done
Event: 28.319 Loading class java/util/stream/SortedOps$OfInt
Event: 28.321 Loading class java/util/stream/IntPipeline$StatefulOp
Event: 28.321 Loading class java/util/stream/IntPipeline$StatefulOp done
Event: 28.321 Loading class java/util/stream/SortedOps$OfInt done
Event: 28.327 Loading class java/util/stream/Nodes$IntFixedNodeBuilder
Event: 28.327 Loading class java/util/stream/Node$Builder$OfInt
Event: 28.328 Loading class java/util/stream/Node$Builder$OfInt done
Event: 28.328 Loading class java/util/stream/Nodes$IntArrayNode
Event: 28.329 Loading class java/util/stream/Nodes$IntArrayNode done
Event: 28.330 Loading class java/util/stream/Nodes$IntFixedNodeBuilder done
Event: 28.330 Loading class java/util/stream/SortedOps$SizedIntSortingSink
Event: 28.330 Loading class java/util/stream/SortedOps$AbstractIntSortingSink
Event: 28.330 Loading class java/util/stream/SortedOps$AbstractIntSortingSink done
Event: 28.330 Loading class java/util/stream/SortedOps$SizedIntSortingSink done
Event: 28.330 Loading class java/util/stream/ReferencePipeline$4$1
Event: 28.330 Loading class java/util/stream/ReferencePipeline$4$1 done

Classes unloaded (0 events):
No events

Classes redefined (0 events):
No events

Internal exceptions (20 events):
Event: 28.045 Thread 0x0000012a7cbc9010 Exception <a 'sun/nio/fs/WindowsException'{0x0000000083a1fc80}> (0x0000000083a1fc80) 
thrown [s\src\hotspot\share\prims\jni.cpp, line 537]
Event: 28.051 Thread 0x0000012a7cbc9010 Exception <a 'sun/nio/fs/WindowsException'{0x0000000083a2d520}> (0x0000000083a2d520) 
thrown [s\src\hotspot\share\prims\jni.cpp, line 537]
Event: 28.139 Thread 0x0000012a7cbc9010 Exception <a 'sun/nio/fs/WindowsException'{0x0000000083a53718}> (0x0000000083a53718) 
thrown [s\src\hotspot\share\prims\jni.cpp, line 537]
Event: 28.147 Thread 0x0000012a7cbc9010 Exception <a 'sun/nio/fs/WindowsException'{0x0000000083a58da8}> (0x0000000083a58da8) 
thrown [s\src\hotspot\share\prims\jni.cpp, line 537]
Event: 28.202 Thread 0x0000012a7d72d2f0 Exception <a 'sun/nio/fs/WindowsException'{0x0000000083acbfc8}> (0x0000000083acbfc8) 
thrown [s\src\hotspot\share\prims\jni.cpp, line 537]
Event: 28.208 Thread 0x0000012a7d72d2f0 Exception <a 'sun/nio/fs/WindowsException'{0x0000000083acdba8}> (0x0000000083acdba8) 
thrown [s\src\hotspot\share\prims\jni.cpp, line 537]
Event: 28.211 Thread 0x0000012a7d72d2f0 Exception <a 'sun/nio/fs/WindowsException'{0x0000000083acefb8}> (0x0000000083acefb8) 
thrown [s\src\hotspot\share\prims\jni.cpp, line 537]
Event: 28.216 Thread 0x0000012a7d72d2f0 Exception <a 'sun/nio/fs/WindowsException'{0x0000000083ad2770}> (0x0000000083ad2770) 
thrown [s\src\hotspot\share\prims\jni.cpp, line 537]
Event: 28.216 Thread 0x0000012a7d72d2f0 Exception <a 'sun/nio/fs/WindowsException'{0x0000000083ad3418}> (0x0000000083ad3418) 
thrown [s\src\hotspot\share\prims\jni.cpp, line 537]
Event: 28.216 Thread 0x0000012a7d72d2f0 Exception <a 'sun/nio/fs/WindowsException'{0x0000000083ad3a00}> (0x0000000083ad3a00) 
thrown [s\src\hotspot\share\prims\jni.cpp, line 537]
Event: 28.220 Thread 0x0000012a7d72d2f0 Exception <a 'sun/nio/fs/WindowsException'{0x0000000083adbd10}> (0x0000000083adbd10) 
thrown [s\src\hotspot\share\prims\jni.cpp, line 537]
Event: 28.224 Thread 0x0000012a7d72d2f0 Exception <a 'sun/nio/fs/WindowsException'{0x0000000083adf970}> (0x0000000083adf970) 
thrown [s\src\hotspot\share\prims\jni.cpp, line 537]
Event: 28.225 Thread 0x0000012a7d72d2f0 Exception <a 'sun/nio/fs/WindowsException'{0x0000000083ae0310}> (0x0000000083ae0310) 
thrown [s\src\hotspot\share\prims\jni.cpp, line 537]
Event: 28.229 Thread 0x0000012a7d72d2f0 Exception <a 'sun/nio/fs/WindowsException'{0x0000000083ae41b0}> (0x0000000083ae41b0) 
thrown [s\src\hotspot\share\prims\jni.cpp, line 537]
Event: 28.230 Thread 0x0000012a7d72d2f0 Exception <a 'sun/nio/fs/WindowsException'{0x0000000083ae4340}> (0x0000000083ae4340) 
thrown [s\src\hotspot\share\prims\jni.cpp, line 537]
Event: 28.236 Thread 0x0000012a7d72d2f0 Exception <a 'sun/nio/fs/WindowsException'{0x0000000083aeae38}> (0x0000000083aeae38) 
thrown [s\src\hotspot\share\prims\jni.cpp, line 537]
Event: 28.262 Thread 0x0000012a7cbc9010 Exception <a 'sun/nio/fs/WindowsException'{0x0000000083a79950}> (0x0000000083a79950) 
thrown [s\src\hotspot\share\prims\jni.cpp, line 537]
Event: 28.276 Thread 0x0000012a7cbc9010 Exception <a 'sun/nio/fs/WindowsException'{0x0000000083a81958}> (0x0000000083a81958) 
thrown [s\src\hotspot\share\prims\jni.cpp, line 537]
Event: 28.290 Thread 0x0000012a7cbc9010 Exception <a 'sun/nio/fs/WindowsException'{0x0000000083a8ed98}> (0x0000000083a8ed98) 
thrown [s\src\hotspot\share\prims\jni.cpp, line 537]
Event: 28.290 Thread 0x0000012a7cbc9010 Exception <a 'sun/nio/fs/WindowsException'{0x0000000083a900f8}> (0x0000000083a900f8) 
thrown [s\src\hotspot\share\prims\jni.cpp, line 537]

ZGC Phase Switch (0 events):
No events

VM Operations (20 events):
Event: 17.475 Executing non-safepoint VM operation: HandshakeAllThreads (Deoptimize)
Event: 17.475 Executing non-safepoint VM operation: HandshakeAllThreads (Deoptimize) done
Event: 18.483 Executing safepoint VM operation: Cleanup
Event: 18.483 Executing safepoint VM operation: Cleanup done
Event: 19.485 Executing safepoint VM operation: Cleanup
Event: 19.485 Executing safepoint VM operation: Cleanup done
Event: 20.489 Executing safepoint VM operation: Cleanup
Event: 20.489 Executing safepoint VM operation: Cleanup done
Event: 21.500 Executing safepoint VM operation: Cleanup
Event: 21.500 Executing safepoint VM operation: Cleanup done
Event: 22.510 Executing safepoint VM operation: Cleanup
Event: 22.510 Executing safepoint VM operation: Cleanup done
Event: 24.520 Executing safepoint VM operation: Cleanup
Event: 24.520 Executing safepoint VM operation: Cleanup done
Event: 27.551 Executing safepoint VM operation: Cleanup
Event: 27.551 Executing safepoint VM operation: Cleanup done
Event: 28.324 Executing non-safepoint VM operation: HandshakeAllThreads (Deoptimize)
Event: 28.324 Executing non-safepoint VM operation: HandshakeAllThreads (Deoptimize) done
Event: 28.343 Executing safepoint VM operation: ICBufferFull
Event: 28.344 Executing safepoint VM operation: ICBufferFull done

Memory protections (0 events):
No events

Nmethod flushes (20 events):
Event: 10.912 Thread 0x0000012a7b0217a0 flushing  nmethod 0x0000012a626eaa10
Event: 10.912 Thread 0x0000012a7b0217a0 flushing  nmethod 0x0000012a626eb010
Event: 10.912 Thread 0x0000012a7b0217a0 flushing  nmethod 0x0000012a626ec390
Event: 10.912 Thread 0x0000012a7b0217a0 flushing  nmethod 0x0000012a626ec810
Event: 10.912 Thread 0x0000012a7b0217a0 flushing  nmethod 0x0000012a626ed610
Event: 10.912 Thread 0x0000012a7b0217a0 flushing  nmethod 0x0000012a626f1090
Event: 10.912 Thread 0x0000012a7b0217a0 flushing  nmethod 0x0000012a626f1610
Event: 10.912 Thread 0x0000012a7b0217a0 flushing  nmethod 0x0000012a62734690
Event: 10.912 Thread 0x0000012a7b0217a0 flushing  nmethod 0x0000012a62791b10
Event: 10.912 Thread 0x0000012a7b0217a0 flushing  nmethod 0x0000012a627c9010
Event: 10.912 Thread 0x0000012a7b0217a0 flushing  nmethod 0x0000012a628d6290
Event: 10.912 Thread 0x0000012a7b0217a0 flushing  nmethod 0x0000012a628dbf10
Event: 10.912 Thread 0x0000012a7b0217a0 flushing  nmethod 0x0000012a62968a10
Event: 10.912 Thread 0x0000012a7b0217a0 flushing  nmethod 0x0000012a62968e90
Event: 10.912 Thread 0x0000012a7b0217a0 flushing  nmethod 0x0000012a6296d390
Event: 10.912 Thread 0x0000012a7b0217a0 flushing  nmethod 0x0000012a62994910
Event: 10.912 Thread 0x0000012a7b0217a0 flushing  nmethod 0x0000012a62a21010
Event: 10.912 Thread 0x0000012a7b0217a0 flushing  nmethod 0x0000012a62a21590
Event: 10.912 Thread 0x0000012a7b0217a0 flushing  nmethod 0x0000012a62a41790
Event: 10.912 Thread 0x0000012a7b0217a0 flushing  nmethod 0x0000012a62a41b90

Events (20 events):
Event: 17.293 Thread 0x0000012a7d729e70 Thread exited: 0x0000012a7d729e70
Event: 17.311 Thread 0x0000012a7cbc9010 Thread added: 0x0000012a7d729e70
Event: 17.339 Thread 0x0000012a7d729e70 Thread exited: 0x0000012a7d729e70
Event: 17.455 Thread 0x0000012a7ce01b90 Thread exited: 0x0000012a7ce01b90
Event: 17.460 Thread 0x0000012a7d728ac0 Thread exited: 0x0000012a7d728ac0
Event: 17.546 Thread 0x0000012a7ce007e0 Thread exited: 0x0000012a7ce007e0
Event: 17.550 Thread 0x0000012a7ce028b0 Thread exited: 0x0000012a7ce028b0
Event: 17.561 Thread 0x0000012a7ce03c60 Thread exited: 0x0000012a7ce03c60
Event: 17.600 Thread 0x0000012a7cbc9840 Thread exited: 0x0000012a7cbc9840
Event: 17.630 Thread 0x0000012a7cbe8810 Thread exited: 0x0000012a7cbe8810
Event: 27.752 Thread 0x0000012a7cbeb460 Thread added: 0x0000012a7d728ac0
Event: 27.767 Thread 0x0000012a7cbeb460 Thread added: 0x0000012a7d727080
Event: 27.948 Thread 0x0000012a7cbc9010 Thread added: 0x0000012a7d729e70
Event: 27.950 Thread 0x0000012a7cbc9010 Thread added: 0x0000012a7d72ab90
Event: 27.951 Thread 0x0000012a7cbc9010 Thread added: 0x0000012a7d72b220
Event: 27.974 Thread 0x0000012a7cbc9010 Thread added: 0x0000012a7d72b8b0
Event: 28.027 Thread 0x0000012a7cbc9010 Thread added: 0x0000012a7d72a500
Event: 28.035 Thread 0x0000012a7cbc9010 Thread added: 0x0000012a7d72bf40
Event: 28.048 Thread 0x0000012a7cbc9010 Thread added: 0x0000012a7d72c5d0
Event: 28.200 Thread 0x0000012a7cbc9010 Thread added: 0x0000012a7d72d2f0


Dynamic libraries:
0x00007ff600370000 - 0x00007ff60037a000 	C:\Program Files\Android\Android Studio\jbr\bin\java.exe
0x00007ff8ed980000 - 0x00007ff8edbe6000 	C:\WINDOWS\SYSTEM32\ntdll.dll
0x00007ff8ecc40000 - 0x00007ff8ecd09000 	C:\WINDOWS\System32\KERNEL32.DLL
0x00007ff8eb210000 - 0x00007ff8eb60f000 	C:\WINDOWS\System32\KERNELBASE.dll
0x00007ff8eafd0000 - 0x00007ff8eb11c000 	C:\WINDOWS\System32\ucrtbase.dll
0x00007ff8c5ad0000 - 0x00007ff8c5ae8000 	C:\Program Files\Android\Android Studio\jbr\bin\jli.dll
0x00007ff8ec790000 - 0x00007ff8ec956000 	C:\WINDOWS\System32\USER32.dll
0x00007ff8c5ab0000 - 0x00007ff8c5acb000 	C:\Program Files\Android\Android Studio\jbr\bin\VCRUNTIME140.dll
0x00007ff8eb130000 - 0x00007ff8eb157000 	C:\WINDOWS\System32\win32u.dll
0x00007ff8e9d60000 - 0x00007ff8e9ff1000 	C:\WINDOWS\WinSxS\amd64_microsoft.windows.common-controls_6595b64144ccf1df_6.0.26100.8972_none_3e0da176e32f9d4b\COMCTL32.dll
0x00007ff8ecc10000 - 0x00007ff8ecc3b000 	C:\WINDOWS\System32\GDI32.dll
0x00007ff8ebec0000 - 0x00007ff8ebf69000 	C:\WINDOWS\System32\msvcrt.dll
0x00007ff8eaea0000 - 0x00007ff8eafc9000 	C:\WINDOWS\System32\gdi32full.dll
0x00007ff8eb160000 - 0x00007ff8eb203000 	C:\WINDOWS\System32\msvcp_win.dll
0x00007ff8ebe80000 - 0x00007ff8ebeb2000 	C:\WINDOWS\System32\IMM32.DLL
0x00007ff8d5090000 - 0x00007ff8d509c000 	C:\Program Files\Android\Android Studio\jbr\bin\vcruntime140_1.dll
0x00007ff88ccf0000 - 0x00007ff88cd7d000 	C:\Program Files\Android\Android Studio\jbr\bin\msvcp140.dll
0x00007ff827720000 - 0x00007ff8283b6000 	C:\Program Files\Android\Android Studio\jbr\bin\server\jvm.dll
0x00007ff8ed800000 - 0x00007ff8ed8bc000 	C:\WINDOWS\System32\ADVAPI32.dll
0x00007ff8ed330000 - 0x00007ff8ed3da000 	C:\WINDOWS\System32\sechost.dll
0x00007ff8ecaf0000 - 0x00007ff8ecc08000 	C:\WINDOWS\System32\RPCRT4.dll
0x00007ff8ed770000 - 0x00007ff8ed7f2000 	C:\WINDOWS\System32\WS2_32.dll
0x00007ff8ea9f0000 - 0x00007ff8eaa4e000 	C:\WINDOWS\SYSTEM32\POWRPROF.dll
0x00007ff8cbb50000 - 0x00007ff8cbb86000 	C:\WINDOWS\SYSTEM32\WINMM.dll
0x00007ff8e9190000 - 0x00007ff8e919b000 	C:\WINDOWS\SYSTEM32\VERSION.dll
0x00007ff8ea9d0000 - 0x00007ff8ea9e5000 	C:\WINDOWS\SYSTEM32\UMPDC.dll
0x00007ff8e92d0000 - 0x00007ff8e92eb000 	C:\WINDOWS\SYSTEM32\kernel.appcore.dll
0x00007ff8c2580000 - 0x00007ff8c258a000 	C:\Program Files\Android\Android Studio\jbr\bin\jimage.dll
0x00007ff8ea340000 - 0x00007ff8ea582000 	C:\WINDOWS\SYSTEM32\DBGHELP.DLL
0x00007ff8ed3e0000 - 0x00007ff8ed765000 	C:\WINDOWS\System32\combase.dll
0x00007ff8eb770000 - 0x00007ff8eb849000 	C:\WINDOWS\System32\OLEAUT32.dll
0x00007ff8ea210000 - 0x00007ff8ea24b000 	C:\WINDOWS\SYSTEM32\dbgcore.DLL
0x00007ff8eac50000 - 0x00007ff8eacfc000 	C:\WINDOWS\System32\bcryptPrimitives.dll
0x00007ff8bdf10000 - 0x00007ff8bdf30000 	C:\Program Files\Android\Android Studio\jbr\bin\java.dll
0x00007ff8bd1a0000 - 0x00007ff8bd1b8000 	C:\Program Files\Android\Android Studio\jbr\bin\zip.dll
0x00007ff8ebf70000 - 0x00007ff8ec6f8000 	C:\WINDOWS\System32\SHELL32.dll
0x00007ff8e7480000 - 0x00007ff8e7d1b000 	C:\WINDOWS\SYSTEM32\windows.storage.dll
0x00007ff8ecd10000 - 0x00007ff8ece09000 	C:\WINDOWS\System32\SHCORE.dll
0x00007ff8ed8d0000 - 0x00007ff8ed936000 	C:\WINDOWS\System32\shlwapi.dll
0x00007ff8eaab0000 - 0x00007ff8eaad9000 	C:\WINDOWS\SYSTEM32\profapi.dll
0x00007ff8c15b0000 - 0x00007ff8c15c0000 	C:\Program Files\Android\Android Studio\jbr\bin\net.dll
0x00007ff8dd8b0000 - 0x00007ff8dd9d8000 	C:\WINDOWS\SYSTEM32\WINHTTP.dll
0x00007ff8e8cf0000 - 0x00007ff8e8d5c000 	C:\WINDOWS\system32\mswsock.dll
0x00007ff8bb940000 - 0x00007ff8bb956000 	C:\Program Files\Android\Android Studio\jbr\bin\nio.dll
0x00007ff8c1050000 - 0x00007ff8c1060000 	C:\Program Files\Android\Android Studio\jbr\bin\verify.dll
0x00007ff8b4420000 - 0x00007ff8b4447000 	C:\Users\Oyatilloxon\.gradle\native\e1d6ef7f7dcc3fd88c89a11ec53ec762bb8ba0a96d01ffa2cd45eb1d1d8dd5c5\windows-amd64\native-platform.dll
0x00007ff8bb790000 - 0x00007ff8bb8d4000 	C:\Users\Oyatilloxon\.gradle\native\5664cfc778a61ccfe75a443a1ab52a65af34e5dc3c78e0209fed803814484fcb\windows-amd64\native-platform-file-events.dll
0x00007ff8c0d70000 - 0x00007ff8c0d79000 	C:\Program Files\Android\Android Studio\jbr\bin\management.dll
0x00007ff8c09f0000 - 0x00007ff8c09fb000 	C:\Program Files\Android\Android Studio\jbr\bin\management_ext.dll
0x00007ff8ecae0000 - 0x00007ff8ecae8000 	C:\WINDOWS\System32\PSAPI.DLL
0x00007ff8ea690000 - 0x00007ff8ea6ab000 	C:\WINDOWS\SYSTEM32\CRYPTSP.dll
0x00007ff8e9080000 - 0x00007ff8e90b9000 	C:\WINDOWS\system32\rsaenh.dll
0x00007ff8e8d70000 - 0x00007ff8e8da2000 	C:\WINDOWS\SYSTEM32\USERENV.dll
0x00007ff8eaa80000 - 0x00007ff8eaaaa000 	C:\WINDOWS\SYSTEM32\bcrypt.dll
0x00007ff8e9060000 - 0x00007ff8e906c000 	C:\WINDOWS\SYSTEM32\CRYPTBASE.dll
0x00007ff8e8200000 - 0x00007ff8e8233000 	C:\WINDOWS\SYSTEM32\IPHLPAPI.DLL
0x00007ff8ed320000 - 0x00007ff8ed32a000 	C:\WINDOWS\System32\NSI.dll
0x00007ff8bb910000 - 0x00007ff8bb919000 	C:\Program Files\Android\Android Studio\jbr\bin\extnet.dll
0x00007ff8cb3e0000 - 0x00007ff8cb3e8000 	C:\WINDOWS\system32\wshunix.dll

JVMTI agents: none

dbghelp: loaded successfully - version: 4.0.5 - missing functions: none
symbol engine: initialized successfully - sym options: 0x614 - pdb path: .;C:\Program Files\Android\Android Studio\jbr\bin;C:\WINDOWS\SYSTEM32;C:\WINDOWS\WinSxS\amd64_microsoft.windows.common-controls_6595b64144ccf1df_6.0.26100.8972_none_3e0da176e32f9d4b;C:\Program Files\Android\Android Studio\jbr\bin\server;C:\Users\Oyatilloxon\.gradle\native\e1d6ef7f7dcc3fd88c89a11ec53ec762bb8ba0a96d01ffa2cd45eb1d1d8dd5c5\windows-amd64;C:\Users\Oyatilloxon\.gradle\native\5664cfc778a61ccfe75a443a1ab52a65af34e5dc3c78e0209fed803814484fcb\windows-amd64

VM Arguments:
jvm_args: -XX:MaxMetaspaceSize=512m --add-opens=java.base/java.util=ALL-UNNAMED --add-opens=java.base/java.lang=ALL-UNNAMED --add-opens=java.base/java.lang.invoke=ALL-UNNAMED --add-opens=java.base/java.util=ALL-UNNAMED --add-opens=java.prefs/java.util.prefs=ALL-UNNAMED --add-opens=java.prefs/java.util.prefs=ALL-UNNAMED --add-opens=java.base/java.nio.charset=ALL-UNNAMED --add-opens=java.base/java.net=ALL-UNNAMED --add-opens=java.base/java.util.concurrent.atomic=ALL-UNNAMED -Xmx2048m -Dfile.encoding=utf8 -Duser.country=UZ -Duser.language=uz -Duser.variant 
java_command: org.gradle.launcher.daemon.bootstrap.GradleDaemon 7.3.3
java_class_path (initial): C:\Users\Oyatilloxon\.gradle\wrapper\dists\gradle-7.3.3-all\4295vidhdd9hd3gbjyw1xqxpo\gradle-7.3.3\lib\gradle-launcher-7.3.3.jar
Launcher Type: SUN_STANDARD

[Global flags]
     intx CICompilerCount                          = 4                                         {product} {ergonomic}
   size_t CompressedClassSpaceSize                 = 436207616                                 {product} {ergonomic}
     uint ConcGCThreads                            = 2                                         {product} {ergonomic}
     uint G1ConcRefinementThreads                  = 8                                         {product} {ergonomic}
   size_t G1HeapRegionSize                         = 1048576                                   {product} {ergonomic}
    uintx GCDrainStackTargetSize                   = 64                                        {product} {ergonomic}
   size_t InitialHeapSize                          = 132120576                                 {product} {ergonomic}
   size_t MarkStackSize                            = 4194304                                   {product} {ergonomic}
   size_t MaxHeapSize                              = 2147483648                                {product} {command line}
   size_t MaxMetaspaceSize                         = 536870912                                 {product} {command line}
   size_t MaxNewSize                               = 1287651328                                {product} {ergonomic}
   size_t MinHeapDeltaBytes                        = 1048576                                   {product} {ergonomic}
   size_t MinHeapSize                              = 8388608                                   {product} {ergonomic}
    uintx NonNMethodCodeHeapSize                   = 5839372                                {pd product} {ergonomic}
    uintx NonProfiledCodeHeapSize                  = 122909434                              {pd product} {ergonomic}
    uintx ProfiledCodeHeapSize                     = 122909434                              {pd product} {ergonomic}
    uintx ReservedCodeCacheSize                    = 251658240                              {pd product} {ergonomic}
     bool SegmentedCodeCache                       = true                                      {product} {ergonomic}
   size_t SoftMaxHeapSize                          = 2147483648                             {manageable} {ergonomic}
     bool UseCompressedOops                        = true                           {product lp64_product} {ergonomic}
     bool UseG1GC                                  = true                                      {product} {ergonomic}
     bool UseLargePagesIndividualAllocation        = false                                  {pd product} {ergonomic}

Logging:
Log output configuration:
 #0: stdout all=warning uptime,level,tags foldmultilines=false
 #1: stderr all=off uptime,level,tags foldmultilines=false

Release file:
JAVA_VERSION="21.0.10" 
MODULES="java.base java.compiler java.datatransfer java.xml java.prefs java.desktop java.instrument java.logging java.management java.security.sasl java.naming java.rmi java.management.rmi java.net.http java.scripting java.security.jgss java.transaction.xa java.sql java.sql.rowset java.xml.crypto java.se java.smartcardio jdk.accessibility jdk.internal.jvmstat jdk.attach jdk.charsets jdk.internal.opt jdk.zipfs jdk.compiler jdk.crypto.ec jdk.crypto.cryptoki jdk.dynalink jdk.hotspot.agent jdk.httpserver jdk.internal.ed jdk.internal.le jdk.internal.vm.ci jdk.jartool jdk.javadoc jdk.jcmd jdk.jdeps jdk.jdwp.agent jdk.jdi jdk.jfr jdk.jlink jdk.jsobject jdk.localedata jdk.management jdk.management.agent jdk.management.jfr jdk.naming.dns jdk.naming.rmi jdk.net jdk.sctp jdk.security.auth jdk.security.jgss jdk.unsupported jdk.unsupported.desktop jdk.xml.dom" 
IMPLEMENTOR="JetBrains s.r.o." 
JAVA_RUNTIME_VERSION="21.0.10+-14961533-b1163.108" 
LIBC="default" 
OS_ARCH="x86_64" 
OS_NAME="Windows" 
SOURCE=".:git:1351622c2ff2" 

Environment Variables:
JAVA_HOME=C:\Program Files\Android\Android Studio\jbr
PATH=C:\WINDOWS\system32;C:\WINDOWS;C:\WINDOWS\System32\Wbem;C:\WINDOWS\System32\WindowsPowerShell\v1.0\;C:\WINDOWS\System32\OpenSSH\;C:\Program Files\GitHub CLI\;C:\Program Files\nodejs\;C:\Program Files\Git\cmd;C:\Users\Oyatilloxon\.local\bin;C:\WINDOWS\system32;C:\WINDOWS;C:\WINDOWS\System32\Wbem;C:\WINDOWS\System32\WindowsPowerShell\v1.0\;C:\WINDOWS\System32\OpenSSH\;C:\Program Files\GitHub CLI\;C:\Program Files\nodejs\;C:\Program Files\Git\cmd;C:\Users\Oyatilloxon\.local\bin;C:\WINDOWS\system32;C:\WINDOWS;C:\WINDOWS\System32\Wbem;C:\WINDOWS\System32\WindowsPowerShell\v1.0\;C:\WINDOWS\System32\OpenSSH\;C:\Program Files\GitHub CLI\;C:\Program Files\nodejs\;C:\Program Files\Git\cmd;C:\Program Files\Android\Android Studio\jbr\bin;C:\Users\Oyatilloxon\AppData\Local\Programs\Microsoft VS Code\bin;C:\Program Files\Android\Android Studio\jbr\bin;C:\Users\Oyatilloxon\AppData\Local\Programs\Microsoft VS Code\bin;C:\Users\Oyatilloxon\AppData\Local\Unity\bin;C:\Users\Oyatilloxon\.dotnet\tools
USERNAME=Omadbek Valiyev
OS=Windows_NT
PROCESSOR_IDENTIFIER=Intel64 Family 6 Model 142 Stepping 12, GenuineIntel
TMP=E:\Temp
TEMP=E:\Temp




Periodic native trim disabled

JNI global refs:
JNI global refs: 26, weak refs: 21

JNI global refs memory usage: 835, weak refs: 833

Process memory usage:
Resident Set Size: 219664K (2% of 8223440K total physical memory with 39012K free physical memory)

OOME stack traces (most recent first):
Classloader memory used:
Loader org.gradle.internal.classloader.VisitableURLClassLoader                         : 21721K
Loader bootstrap                                                                       : 20714K
Loader org.gradle.initialization.MixInLegacyTypesClassLoader                           : 3577K
Loader jdk.internal.loader.ClassLoaders$PlatformClassLoader                            : 417K
Loader jdk.internal.reflect.DelegatingClassLoader                                      : 218K
Loader org.gradle.internal.classloader.VisitableURLClassLoader                         : 218K
Loader jdk.internal.loader.ClassLoaders$AppClassLoader                                 : 200K

Classes loaded by more than one classloader:
Class org.gradle.api.GradleException                                                  : loaded 3 times (x 82B)
Class org.gradle.api.Action                                                           : loaded 3 times (x 70B)
Class org.gradle.api.internal.classpath.ManifestUtil                                  : loaded 2 times (x 71B)
Class org.gradle.internal.operations.MultipleBuildOperationFailures                   : loaded 2 times (x 95B)
Class org.gradle.internal.classloader.DefaultClassLoaderFactory                       : loaded 2 times (x 82B)
Class org.gradle.internal.classloader.ClassLoaderVisitor                              : loaded 2 times (x 76B)
Class org.gradle.api.internal.classpath.EffectiveClassPath                            : loaded 2 times (x 90B)
Class org.gradle.api.internal.DefaultClassPathProvider                                : loaded 2 times (x 76B)
Class [Lorg.gradle.api.internal.ClassPathProvider;                                    : loaded 2 times (x 69B)
Class org.gradle.api.internal.ClassPathProvider                                       : loaded 2 times (x 70B)
Class org.gradle.internal.service.UnknownServiceException                             : loaded 2 times (x 83B)
Class org.gradle.internal.service.ServiceLocator                                      : loaded 2 times (x 70B)
Class org.gradle.internal.time.DefaultTimer                                           : loaded 2 times (x 80B)
Class org.gradle.internal.classloader.ClasspathUtil$1                                 : loaded 2 times (x 76B)
Class org.gradle.api.internal.classpath.DefaultModuleRegistry$DefaultModule           : loaded 2 times (x 86B)
Class org.gradle.internal.time.DefaultCountdownTimer                                  : loaded 2 times (x 88B)
Class org.gradle.api.internal.classpath.Module                                        : loaded 2 times (x 70B)
Class org.gradle.api.internal.classpath.UnknownModuleException                        : loaded 2 times (x 82B)
Class org.gradle.cache.GlobalCache                                                    : loaded 2 times (x 70B)
Class org.gradle.api.internal.DefaultClassPathRegistry                                : loaded 2 times (x 76B)
Class org.gradle.api.internal.ClassPathRegistry                                       : loaded 2 times (x 70B)
Class org.gradle.internal.classloader.ClassLoaderHierarchy                            : loaded 2 times (x 70B)
Class org.gradle.internal.classpath.ClassPath                                         : loaded 2 times (x 70B)
Class org.gradle.api.UncheckedIOException                                             : loaded 2 times (x 82B)
Class org.gradle.internal.installation.GradleInstallation$1                           : loaded 2 times (x 75B)
Class org.gradle.api.internal.classpath.ModuleRegistry                                : loaded 2 times (x 70B)
Class org.gradle.api.internal.classpath.DefaultModuleRegistry                         : loaded 2 times (x 86B)
Class org.gradle.internal.time.MonotonicClock                                         : loaded 2 times (x 77B)
Class org.gradle.internal.service.ServiceLookupException                              : loaded 2 times (x 82B)
Class org.gradle.internal.classloader.ClassLoaderFactory                              : loaded 2 times (x 70B)
Class org.gradle.internal.service.CachingServiceLocator                               : loaded 2 times (x 82B)
Class org.gradle.internal.time.TimeSource                                             : loaded 2 times (x 70B)
Class org.gradle.internal.classloader.ClasspathUtil                                   : loaded 2 times (x 71B)
Class org.gradle.internal.time.TimeSource$1                                           : loaded 2 times (x 77B)
Class org.gradle.api.specs.Spec                                                       : loaded 2 times (x 70B)
Class org.gradle.api.Transformer                                                      : loaded 2 times (x 70B)
Class org.gradle.internal.time.Clock                                                  : loaded 2 times (x 70B)
Class org.gradle.internal.classloader.VisitableURLClassLoader$Spec                    : loaded 2 times (x 74B)
Class org.gradle.internal.classpath.DefaultClassPath                                  : loaded 2 times (x 90B)
Class org.gradle.internal.classloader.ClassLoaderSpec                                 : loaded 2 times (x 71B)
Class org.gradle.internal.classloader.VisitableURLClassLoader                         : loaded 2 times (x 117B)
Class org.gradle.internal.classpath.DefaultClassPath$ImmutableUniqueList              : loaded 2 times (x 199B)
Class org.gradle.internal.Cast                                                        : loaded 2 times (x 71B)
Class org.gradle.internal.classloader.FilteringClassLoader                            : loaded 2 times (x 105B)
Class org.gradle.internal.IoActions                                                   : loaded 2 times (x 71B)
Class org.gradle.internal.classloader.SystemClassLoaderSpec                           : loaded 2 times (x 71B)
Class org.gradle.internal.exceptions.MultiCauseException                              : loaded 2 times (x 70B)
Class org.gradle.internal.time.CountdownTimer                                         : loaded 2 times (x 70B)
Class org.gradle.tooling.model.ProjectModel                                           : loaded 2 times (x 70B)
Class org.gradle.internal.exceptions.DefaultMultiCauseException                       : loaded 2 times (x 95B)
Class org.gradle.internal.time.Time                                                   : loaded 2 times (x 71B)
Class org.gradle.internal.time.Timer                                                  : loaded 2 times (x 70B)
Class org.gradle.internal.installation.CurrentGradleInstallationLocator               : loaded 2 times (x 71B)
Class org.gradle.internal.service.DefaultServiceLocator                               : loaded 2 times (x 83B)
Class org.gradle.util.GradleVersion                                                   : loaded 2 times (x 83B)
Class org.gradle.internal.installation.CurrentGradleInstallation                      : loaded 2 times (x 73B)
Class org.gradle.util.internal.GUtil                                                  : loaded 2 times (x 71B)
Class org.gradle.internal.installation.GradleInstallation                             : loaded 2 times (x 75B)

---------------  S Y S T E M  ---------------

OS:
 Windows 11 , 64 bit Build 26100 (10.0.26100.9168)
OS uptime: 6 days 19:13 hours
Hyper-V role detected

CPU: total 8 (initial active 8) (4 cores per cpu, 2 threads per core) family 6 model 142 stepping 12 microcode 0xfc, cx8, cmov, fxsr, ht, mmx, 3dnowpref, sse, sse2, sse3, ssse3, sse4.1, sse4.2, popcnt, lzcnt, tsc, tscinvbit, avx, avx2, aes, erms, clmul, bmi1, bmi2, adx, fma, vzeroupper, clflush, clflushopt, hv, rdtscp, f16c
Processor Information for the first 8 processors :
  Max Mhz: 1800, Current Mhz: 1600, Mhz Limit: 1584

Memory: 4k page, system-wide physical 8030M (40M free)
TotalPageFile size 20975M (AvailPageFile size 28M)
current process WorkingSet (physical memory assigned to process): 214M, peak: 222M
current process commit charge ("private bytes"): 245M, peak: 255M

vm_info: OpenJDK 64-Bit Server VM (21.0.10+-14961533-b1163.108) for windows-amd64 JRE (21.0.10+-14961533-b1163.108), built on 2026-03-02T19:58:50Z by "builder" with MS VC++ 16.10 / 16.11 (VS2019)

END.
