#
# There is insufficient memory for the Java Runtime Environment to continue.
# Native memory allocation (malloc) failed to allocate 1048576 bytes. Error detail: AllocateHeap
# Possible reasons:
#   The system is out of physical RAM or swap space
#   This process is running with CompressedOops enabled, and the Java Heap may be blocking the growth of the native heap
# Possible solutions:
#   Reduce memory load on the system
#   Increase physical memory or swap space
#   Check if swap backing store is full
#   Decrease Java heap size (-Xmx/-Xms)
#   Decrease number of Java threads
#   Decrease Java thread stack sizes (-Xss)
#   Set larger code cache with -XX:ReservedCodeCacheSize=
#   JVM is running with Unscaled Compressed Oops mode in which the Java heap is
#     placed in the first 4GB address space. The Java Heap base address is the
#     maximum limit for the native heap growth. Please use -XX:HeapBaseMinAddress
#     to set the Java Heap base and to place the Java Heap above 4GB virtual address.
# This output file may be truncated or incomplete.
#
#  Out of Memory Error (allocation.cpp:44), pid=25240, tid=7000
#
# JRE version:  (21.0.12+8) (build )
# Java VM: OpenJDK 64-Bit Server VM (21.0.12+8-LTS, mixed mode, sharing, tiered, compressed oops, compressed class ptrs, parallel gc, windows-amd64)
# No core dump will be written. Minidumps are not enabled by default on client versions of Windows
#

---------------  S U M M A R Y ------------

Command Line: --add-modules=ALL-SYSTEM --add-opens=java.base/java.util=ALL-UNNAMED --add-opens=java.base/java.lang=ALL-UNNAMED --add-opens=java.base/sun.nio.fs=ALL-UNNAMED -Declipse.application=org.eclipse.jdt.ls.core.id1 -Dosgi.bundles.defaultStartLevel=4 -Declipse.product=org.eclipse.jdt.ls.core.product -Djava.import.generatesMetadataFilesAtProjectRoot=false -DDetectVMInstallationsJob.disabled=true -Dfile.encoding=utf8 -XX:+UseParallelGC -XX:GCTimeRatio=4 -XX:AdaptiveSizePolicyWeight=90 -Dsun.zip.disableMemoryMapping=true -Xmx2G -Xms100m -Xlog:disable -javaagent:c:\Users\Oyatilloxon\.vscode\extensions\redhat.java-1.56.2026082208-win32-x64\lombok\lombok-1.18.39-4050.jar -XX:+HeapDumpOnOutOfMemoryError -XX:HeapDumpPath=c:\Users\Oyatilloxon\AppData\Roaming\Code\User\workspaceStorage\c4af0e2ea78e88c4c6195fcd5a090880\redhat.java -Daether.dependencyCollector.impl=bf -XX:+UnlockDiagnosticVMOptions -XX:+AllowArchivingWithJavaAgent -XX:+AutoCreateSharedArchive -XX:SharedArchiveFile=c:\Users\Oyatilloxon\AppData\Roaming\Code\User\globalStorage\redhat.java\1.56.2026082208\jdtls.jsa c:\Users\Oyatilloxon\.vscode\extensions\redhat.java-1.56.2026082208-win32-x64\server\plugins\org.eclipse.equinox.launcher_1.8.0.v20260804-1928.jar -configuration c:\Users\Oyatilloxon\AppData\Roaming\Code\User\globalStorage\redhat.java\1.56.2026082208\config_win -data c:\Users\Oyatilloxon\AppData\Roaming\Code\User\workspaceStorage\c4af0e2ea78e88c4c6195fcd5a090880\redhat.java\jdt_ws --stdio

Host: Intel(R) Core(TM) i5-8265U CPU @ 1.60GHz, 8 cores, 7G,  Windows 11 , 64 bit Build 26100 (10.0.26100.9168)
Time: Mon Aug 24 14:28:34 2026 elapsed time: 0.284892 seconds (0d 0h 0m 0s)

---------------  T H R E A D  ---------------

Current thread (0x000002d0e8e205a0):  JavaThread "Unknown thread" [_thread_in_vm, id=7000, stack(0x000000e2b3700000,0x000000e2b3800000) (1024K)]

Stack: [0x000000e2b3700000,0x000000e2b3800000]
Native frames: (J=compiled Java code, j=interpreted, Vv=VM code, C=native code)
V  [jvm.dll+0x6d83e9]
V  [jvm.dll+0x8b5736]
V  [jvm.dll+0x8b7cee]
V  [jvm.dll+0x8b83d3]
V  [jvm.dll+0x284596]
V  [jvm.dll+0xc13c7]
V  [jvm.dll+0x70c550]
V  [jvm.dll+0x70d0bc]
V  [jvm.dll+0x6e6f73]
V  [jvm.dll+0x87fd8c]
V  [jvm.dll+0x3c4f4c]
V  [jvm.dll+0x868a4b]
V  [jvm.dll+0x458071]
V  [jvm.dll+0x459c61]
C  [jli.dll+0x52dc]
C  [ucrtbase.dll+0x2cd30]
C  [KERNEL32.DLL+0x2ccb7]
C  [ntdll.dll+0xaad6c]


---------------  P R O C E S S  ---------------

Threads class SMR info:
_java_thread_list=0x000002d0e8e8cf30, length=1, elements={
0x000002d0e8e205a0
}

Java Threads: ( => current thread )
=>0x000002d0e8e205a0 JavaThread "Unknown thread"             [_thread_in_vm, id=7000, stack(0x000000e2b3700000,0x000000e2b3800000) (1024K)]
Total: 1

Other Threads:
  0x000002d0e8caca00 WatcherThread "VM Periodic Task Thread"        [id=20020, stack(0x000000e2b3900000,0x000000e2b3a00000) (1024K)]
  0x000002d0e8e3dbf0 WorkerThread "GC Thread#0"                     [id=13672, stack(0x000000e2b3800000,0x000000e2b3900000) (1024K)]
Total: 2

Threads with active compile tasks:
Total: 0

VM state: not at safepoint (normal execution)

VM Mutex/Monitor currently owned by a thread: None

Heap address: 0x0000000080000000, size: 2048 MB, Compressed Oops mode: 32-bit

CDS archive(s) mapped at: [0x000002d080000000-0x000002d080ba0000-0x000002d0846b0000), size 74121216, SharedBaseAddress: 0x000002d080000000, ArchiveRelocationMode: 1.
Compressed class space mapped at: 0x000002d085000000-0x000002d0c5000000, reserved size: 1073741824
Narrow klass base: 0x000002d080000000, Narrow klass shift: 0, Narrow klass range: 0x100000000

GC Precious Log:
 CardTable entry size: 512
 CPUs: 8 total, 8 available
 Memory: 8030M
 Large Page Support: Disabled
 NUMA Support: Disabled
 Compressed Oops: Enabled (32-bit)
 Alignments: Space 512K, Generation 512K, Heap 2M
 Heap Min Capacity: 100M
 Heap Initial Capacity: 100M
 Heap Max Capacity: 2G
 Pre-touch: Disabled
 Parallel Workers: 8

Heap:
 PSYoungGen      total 29696K, used 512K [0x00000000d5580000, 0x00000000d7680000, 0x0000000100000000)
  eden space 25600K, 2% used [0x00000000d5580000,0x00000000d5600020,0x00000000d6e80000)
  from space 4096K, 0% used [0x00000000d7280000,0x00000000d7280000,0x00000000d7680000)
  to   space 4096K, 0% used [0x00000000d6e80000,0x00000000d6e80000,0x00000000d7280000)
 ParOldGen       total 68608K, used 0K [0x0000000080000000, 0x0000000084300000, 0x00000000d5580000)
  object space 68608K, 0% used [0x0000000080000000,0x0000000080000000,0x0000000084300000)
 Metaspace       used 0K, committed 0K, reserved 1048576K
  class space    used 0K, committed 0K, reserved 1048576K

Card table byte_map: [0x000002d0e87c0000,0x000002d0e8bd0000] _byte_map_base: 0x000002d0e83c0000

Marking Bits: (ParMarkBitMap*) 0x00007ff8282d4460
 Begin Bits: [0x000002d0fb2d0000, 0x000002d0fd2d0000)
 End Bits:   [0x000002d0fd2d0000, 0x000002d0ff2d0000)

Polling page: 0x000002d0e6c00000

Metaspace:

Usage:
  Non-class:      0 bytes used.
      Class:      0 bytes used.
       Both:      0 bytes used.

Virtual space:
  Non-class space:        0 bytes reserved,       0 bytes (  ?%) committed,  0 nodes.
      Class space:        1.00 GB reserved,       0 bytes (  0%) committed,  1 nodes.
             Both:        1.00 GB reserved,       0 bytes (  0%) committed. 

Chunk freelists:
   Non-Class:  0 bytes
       Class:  16.00 MB
        Both:  16.00 MB

MaxMetaspaceSize: unlimited
CompressedClassSpaceSize: 1.00 GB
Initial GC threshold: 21.00 MB
Current GC threshold: 17179869184.00 GB
CDS: on
 - commit_granule_bytes: 65536.
 - commit_granule_words: 8192.
 - virtual_space_node_default_size: 8388608.
 - enlarge_chunks_in_place: 1.
 - use_allocation_guard: 0.


Internal statistics:

num_allocs_failed_limit: 0.
num_arena_births: 0.
num_arena_deaths: 0.
num_vsnodes_births: 1.
num_vsnodes_deaths: 0.
num_space_committed: 0.
num_space_uncommitted: 0.
num_chunks_returned_to_freelist: 0.
num_chunks_taken_from_freelist: 1.
num_chunk_merges: 0.
num_chunk_splits: 1.
num_chunks_enlarged: 0.
num_inconsistent_stats: 0.

CodeHeap 'non-profiled nmethods': size=120000Kb used=0Kb max_used=0Kb free=120000Kb
 bounds [0x000002d0f3af0000, 0x000002d0f3d60000, 0x000002d0fb020000]
CodeHeap 'profiled nmethods': size=120000Kb used=0Kb max_used=0Kb free=120000Kb
 bounds [0x000002d0ec020000, 0x000002d0ec290000, 0x000002d0f3550000]
CodeHeap 'non-nmethods': size=5760Kb used=194Kb max_used=342Kb free=5565Kb
 bounds [0x000002d0f3550000, 0x000002d0f37c0000, 0x000002d0f3af0000]
CodeCache: size=245760Kb, used=194Kb, max_used=342Kb, free=245565Kb
 total_blobs=70, nmethods=0, adapters=48, full_count=0
Compilation: enabled, stopped_count=0, restarted_count=0

Compilation events (0 events):
No events

GC Heap History (0 events):
No events

Dll operation events (2 events):
Event: 0.020 Attempting to load shared library c:\Users\Oyatilloxon\.vscode\extensions\redhat.java-1.56.2026082208-win32-x64\jre\21.0.12-win32-x86_64\bin\java.dll
Event: 0.020 Loaded shared library c:\Users\Oyatilloxon\.vscode\extensions\redhat.java-1.56.2026082208-win32-x64\jre\21.0.12-win32-x86_64\bin\java.dll

Deoptimization events (0 events):
No events

Classes loaded (0 events):
No events

Classes unloaded (0 events):
No events

Classes redefined (0 events):
No events

Internal exceptions (0 events):
No events

ZGC Phase Switch (0 events):
No events

VM Operations (0 events):
No events

Memory protections (0 events):
No events

Nmethod flushes (0 events):
No events

Events (1 events):
Event: 0.270 Thread 0x000002d0e8e205a0 Thread added: 0x000002d0e8e205a0


Dynamic libraries:
0x00007ff6f1660000 - 0x00007ff6f166e000 	c:\Users\Oyatilloxon\.vscode\extensions\redhat.java-1.56.2026082208-win32-x64\jre\21.0.12-win32-x86_64\bin\java.exe
0x00007ff8ed980000 - 0x00007ff8edbe6000 	C:\WINDOWS\SYSTEM32\ntdll.dll
0x00007ff8ecc40000 - 0x00007ff8ecd09000 	C:\WINDOWS\System32\KERNEL32.DLL
0x00007ff8eb210000 - 0x00007ff8eb60f000 	C:\WINDOWS\System32\KERNELBASE.dll
0x00007ff8eafd0000 - 0x00007ff8eb11c000 	C:\WINDOWS\System32\ucrtbase.dll
0x00007ff889830000 - 0x00007ff889848000 	c:\Users\Oyatilloxon\.vscode\extensions\redhat.java-1.56.2026082208-win32-x64\jre\21.0.12-win32-x86_64\bin\jli.dll
0x00007ff8ec790000 - 0x00007ff8ec956000 	C:\WINDOWS\System32\USER32.dll
0x00007ff8eb130000 - 0x00007ff8eb157000 	C:\WINDOWS\System32\win32u.dll
0x00007ff8ecc10000 - 0x00007ff8ecc3b000 	C:\WINDOWS\System32\GDI32.dll
0x00007ff8eaea0000 - 0x00007ff8eafc9000 	C:\WINDOWS\System32\gdi32full.dll
0x00007ff88d1b0000 - 0x00007ff88d1ce000 	c:\Users\Oyatilloxon\.vscode\extensions\redhat.java-1.56.2026082208-win32-x64\jre\21.0.12-win32-x86_64\bin\VCRUNTIME140.dll
0x00007ff8eb160000 - 0x00007ff8eb203000 	C:\WINDOWS\System32\msvcp_win.dll
0x00007ff8e9d60000 - 0x00007ff8e9ff1000 	C:\WINDOWS\WinSxS\amd64_microsoft.windows.common-controls_6595b64144ccf1df_6.0.26100.8972_none_3e0da176e32f9d4b\COMCTL32.dll
0x00007ff8ebec0000 - 0x00007ff8ebf69000 	C:\WINDOWS\System32\msvcrt.dll
0x00007ff8ebe80000 - 0x00007ff8ebeb2000 	C:\WINDOWS\System32\IMM32.DLL
0x00007ff8e9380000 - 0x00007ff8e938c000 	c:\Users\Oyatilloxon\.vscode\extensions\redhat.java-1.56.2026082208-win32-x64\jre\21.0.12-win32-x86_64\bin\vcruntime140_1.dll
0x00007ff885f80000 - 0x00007ff88600d000 	c:\Users\Oyatilloxon\.vscode\extensions\redhat.java-1.56.2026082208-win32-x64\jre\21.0.12-win32-x86_64\bin\msvcp140.dll
0x00007ff827610000 - 0x00007ff8283b2000 	c:\Users\Oyatilloxon\.vscode\extensions\redhat.java-1.56.2026082208-win32-x64\jre\21.0.12-win32-x86_64\bin\server\jvm.dll
0x00007ff8ed800000 - 0x00007ff8ed8bc000 	C:\WINDOWS\System32\ADVAPI32.dll
0x00007ff8ed330000 - 0x00007ff8ed3da000 	C:\WINDOWS\System32\sechost.dll
0x00007ff8ecaf0000 - 0x00007ff8ecc08000 	C:\WINDOWS\System32\RPCRT4.dll
0x00007ff8ed770000 - 0x00007ff8ed7f2000 	C:\WINDOWS\System32\WS2_32.dll
0x00007ff8ea9f0000 - 0x00007ff8eaa4e000 	C:\WINDOWS\SYSTEM32\POWRPROF.dll
0x00007ff8cbb50000 - 0x00007ff8cbb86000 	C:\WINDOWS\SYSTEM32\WINMM.dll
0x00007ff8e9190000 - 0x00007ff8e919b000 	C:\WINDOWS\SYSTEM32\VERSION.dll
0x00007ff8ea9d0000 - 0x00007ff8ea9e5000 	C:\WINDOWS\SYSTEM32\UMPDC.dll
0x00007ff8e92d0000 - 0x00007ff8e92eb000 	C:\WINDOWS\SYSTEM32\kernel.appcore.dll
0x00007ff8e3bd0000 - 0x00007ff8e3bda000 	c:\Users\Oyatilloxon\.vscode\extensions\redhat.java-1.56.2026082208-win32-x64\jre\21.0.12-win32-x86_64\bin\jimage.dll
0x00007ff8ea340000 - 0x00007ff8ea582000 	C:\WINDOWS\SYSTEM32\DBGHELP.DLL
0x00007ff8ed3e0000 - 0x00007ff8ed765000 	C:\WINDOWS\System32\combase.dll
0x00007ff8eb770000 - 0x00007ff8eb849000 	C:\WINDOWS\System32\OLEAUT32.dll
0x00007ff8ea210000 - 0x00007ff8ea24b000 	C:\WINDOWS\SYSTEM32\dbgcore.DLL
0x00007ff8eac50000 - 0x00007ff8eacfc000 	C:\WINDOWS\System32\bcryptPrimitives.dll
0x00007ff8c0a00000 - 0x00007ff8c0a0f000 	c:\Users\Oyatilloxon\.vscode\extensions\redhat.java-1.56.2026082208-win32-x64\jre\21.0.12-win32-x86_64\bin\instrument.dll
0x00007ff888e00000 - 0x00007ff888e20000 	c:\Users\Oyatilloxon\.vscode\extensions\redhat.java-1.56.2026082208-win32-x64\jre\21.0.12-win32-x86_64\bin\java.dll

JVMTI agents:
c:\Users\Oyatilloxon\.vscode\extensions\redhat.java-1.56.2026082208-win32-x64\lombok\lombok-1.18.39-4050.jar path:none, loaded, not initialized, instrumentlib options:none

dbghelp: loaded successfully - version: 4.0.5 - missing functions: none
symbol engine: initialized successfully - sym options: 0x614 - pdb path: .;c:\Users\Oyatilloxon\.vscode\extensions\redhat.java-1.56.2026082208-win32-x64\jre\21.0.12-win32-x86_64\bin;C:\WINDOWS\SYSTEM32;C:\WINDOWS\WinSxS\amd64_microsoft.windows.common-controls_6595b64144ccf1df_6.0.26100.8972_none_3e0da176e32f9d4b;c:\Users\Oyatilloxon\.vscode\extensions\redhat.java-1.56.2026082208-win32-x64\jre\21.0.12-win32-x86_64\bin\server

VM Arguments:
jvm_args: --add-modules=ALL-SYSTEM --add-opens=java.base/java.util=ALL-UNNAMED --add-opens=java.base/java.lang=ALL-UNNAMED --add-opens=java.base/sun.nio.fs=ALL-UNNAMED -Declipse.application=org.eclipse.jdt.ls.core.id1 -Dosgi.bundles.defaultStartLevel=4 -Declipse.product=org.eclipse.jdt.ls.core.product -Djava.import.generatesMetadataFilesAtProjectRoot=false -DDetectVMInstallationsJob.disabled=true -Dfile.encoding=utf8 -XX:+UseParallelGC -XX:GCTimeRatio=4 -XX:AdaptiveSizePolicyWeight=90 -Dsun.zip.disableMemoryMapping=true -Xmx2G -Xms100m -Xlog:disable -javaagent:c:\Users\Oyatilloxon\.vscode\extensions\redhat.java-1.56.2026082208-win32-x64\lombok\lombok-1.18.39-4050.jar -XX:+HeapDumpOnOutOfMemoryError -XX:HeapDumpPath=c:\Users\Oyatilloxon\AppData\Roaming\Code\User\workspaceStorage\c4af0e2ea78e88c4c6195fcd5a090880\redhat.java -Daether.dependencyCollector.impl=bf -XX:+UnlockDiagnosticVMOptions -XX:+AllowArchivingWithJavaAgent -XX:+AutoCreateSharedArchive -XX:SharedArchiveFile=c:\Users\Oyatilloxon\AppData\Roaming\Code\User\globalStorage\redhat.java\1.56.2026082208\jdtls.jsa 
java_command: c:\Users\Oyatilloxon\.vscode\extensions\redhat.java-1.56.2026082208-win32-x64\server\plugins\org.eclipse.equinox.launcher_1.8.0.v20260804-1928.jar -configuration c:\Users\Oyatilloxon\AppData\Roaming\Code\User\globalStorage\redhat.java\1.56.2026082208\config_win -data c:\Users\Oyatilloxon\AppData\Roaming\Code\User\workspaceStorage\c4af0e2ea78e88c4c6195fcd5a090880\redhat.java\jdt_ws --stdio
java_class_path (initial): c:\Users\Oyatilloxon\.vscode\extensions\redhat.java-1.56.2026082208-win32-x64\server\plugins\org.eclipse.equinox.launcher_1.8.0.v20260804-1928.jar
Launcher Type: SUN_STANDARD

[Global flags]
    uintx AdaptiveSizePolicyWeight                 = 90                                        {product} {command line}
     bool AllowArchivingWithJavaAgent              = true                             {JVMCI diagnostic} {command line}
     bool AutoCreateSharedArchive                  = false                               {JVMCI product} {command line}
     intx CICompilerCount                          = 4                                         {product} {ergonomic}
    uintx GCTimeRatio                              = 4                                         {product} {command line}
     bool HeapDumpOnOutOfMemoryError               = true                                   {manageable} {command line}
    ccstr HeapDumpPath                             = c:\Users\Oyatilloxon\AppData\Roaming\Code\User\workspaceStorage\c4af0e2ea78e88c4c6195fcd5a090880\redhat.java         {manageable} {command line}
   size_t InitialHeapSize                          = 104857600                                 {product} {command line}
   size_t MaxHeapSize                              = 2147483648                                {product} {command line}
   size_t MaxNewSize                               = 715653120                                 {product} {ergonomic}
   size_t MinHeapDeltaBytes                        = 524288                                    {product} {ergonomic}
   size_t MinHeapSize                              = 104857600                                 {product} {command line}
   size_t NewSize                                  = 34603008                                  {product} {ergonomic}
    uintx NonNMethodCodeHeapSize                   = 5839372                                {pd product} {ergonomic}
    uintx NonProfiledCodeHeapSize                  = 122909434                              {pd product} {ergonomic}
   size_t OldSize                                  = 70254592                                  {product} {ergonomic}
    uintx ProfiledCodeHeapSize                     = 122909434                              {pd product} {ergonomic}
    uintx ReservedCodeCacheSize                    = 251658240                              {pd product} {ergonomic}
     bool SegmentedCodeCache                       = true                                      {product} {ergonomic}
    ccstr SharedArchiveFile                        = c:\Users\Oyatilloxon\AppData\Roaming\Code\User\globalStorage\redhat.java\1.56.2026082208\jdtls.jsa      {JVMCI product} {command line}
   size_t SoftMaxHeapSize                          = 2147483648                             {manageable} {ergonomic}
     bool UnlockDiagnosticVMOptions                = true                                   {diagnostic} {command line}
     bool UseCompressedOops                        = true                           {product lp64_product} {ergonomic}
     bool UseLargePagesIndividualAllocation        = false                                  {pd product} {ergonomic}
     bool UseParallelGC                            = true                                      {product} {command line}

Logging:
Log output configuration:
 #0: stdout all=off uptime,level,tags foldmultilines=false
 #1: stderr all=off uptime,level,tags foldmultilines=false

Release file:
<release file has not been read>
Environment Variables:
JAVA_HOME=C:\Program Files\Android\Android Studio\jbr
PATH=C:\Program Files\Google\Chrome\Application;C:\WINDOWS\system32;C:\WINDOWS;C:\WINDOWS\System32\Wbem;C:\WINDOWS\System32\WindowsPowerShell\v1.0\;C:\WINDOWS\System32\OpenSSH\;C:\Program Files\GitHub CLI\;C:\Program Files\nodejs\;C:\Program Files\Git\cmd;C:\Program Files\Go\bin;C:\Users\Oyatilloxon\.local\bin;C:\WINDOWS\system32;C:\WINDOWS;C:\WINDOWS\System32\Wbem;C:\WINDOWS\System32\WindowsPowerShell\v1.0\;C:\WINDOWS\System32\OpenSSH\;C:\Program Files\GitHub CLI\;C:\Program Files\nodejs\;C:\Program Files\Git\cmd;C:\Program Files\Go\bin;C:\Program Files\Android\Android Studio\jbr\bin;C:\Users\Oyatilloxon\AppData\Local\Programs\Microsoft VS Code\bin;C:\Users\Oyatilloxon\AppData\Local\Programs\Antigravity IDE\bin;C:\Users\Oyatilloxon\go\bin
USERNAME=Omadbek Valiyev
OS=Windows_NT
PROCESSOR_IDENTIFIER=Intel64 Family 6 Model 142 Stepping 12, GenuineIntel
TMP=E:\Temp
TEMP=E:\Temp




Periodic native trim disabled

---------------  S Y S T E M  ---------------

OS:
 Windows 11 , 64 bit Build 26100 (10.0.26100.9168)
OS uptime: 1 days 23:32 hours
Hyper-V role detected

CPU: total 8 (initial active 8) (4 cores per cpu, 2 threads per core) family 6 model 142 stepping 12 microcode 0xfc, cx8, cmov, fxsr, ht, mmx, 3dnowpref, sse, sse2, sse3, ssse3, sse4.1, sse4.2, popcnt, lzcnt, tsc, tscinvbit, avx, avx2, aes, erms, clmul, bmi1, bmi2, adx, fma, vzeroupper, clflush, clflushopt, hv, rdtscp, f16c
Processor Information for processor 0
  Max Mhz: 1800, Current Mhz: 1600, Mhz Limit: 1584
Processor Information for processor 1
  Max Mhz: 1800, Current Mhz: 1600, Mhz Limit: 1584
Processor Information for processor 2
  Max Mhz: 1800, Current Mhz: 1600, Mhz Limit: 1584
Processor Information for processor 3
  Max Mhz: 1800, Current Mhz: 1500, Mhz Limit: 1584
Processor Information for processor 4
  Max Mhz: 1800, Current Mhz: 1500, Mhz Limit: 1584
Processor Information for processor 5
  Max Mhz: 1800, Current Mhz: 1500, Mhz Limit: 1584
Processor Information for processor 6
  Max Mhz: 1800, Current Mhz: 1500, Mhz Limit: 1584
Processor Information for processor 7
  Max Mhz: 1800, Current Mhz: 1500, Mhz Limit: 1584

Memory: 4k page, system-wide physical 8030M (180M free)
TotalPageFile size 18650M (AvailPageFile size 47M)
current process WorkingSet (physical memory assigned to process): 85M, peak: 85M
current process commit charge ("private bytes"): 268M, peak: 269M

vm_info: OpenJDK 64-Bit Server VM (21.0.12+8-LTS) for windows-amd64 JRE (21.0.12+8-LTS), built on 2026-07-21T00:00:00Z by "admin" with MS VC++ 17.12 (VS2022)

END.
